******************************************************************************
                  MSP430 Linker PC v18.12.4                    
******************************************************************************
>> Linked Tue Mar  3 19:46:22 2020

OUTPUT FILE NAME:   <msp-fm.out>
ENTRY POINT SYMBOL: "_c_int00_noargs"  address: 0000d5d4


MEMORY CONFIGURATION

         name            origin    length      used     unused   attr    fill
----------------------  --------  ---------  --------  --------  ----  --------
  SFR                   00000000   00000010  00000000  00000010  RWIX
  PERIPHERALS_8BIT      00000010   000000f0  00000000  000000f0  RWIX
  PERIPHERALS_16BIT     00000100   00000100  00000000  00000100  RWIX
  RAM                   00000200   00000200  00000091  0000016f  RWIX
  INFOD                 00001000   00000040  00000000  00000040  RWIX
  INFOC                 00001040   00000040  00000000  00000040  RWIX
  INFOB                 00001080   00000040  00000000  00000040  RWIX
  INFOA                 000010c0   00000040  00000000  00000040  RWIX
  FLASH                 0000c000   00003fde  00001722  000028bc  RWIX
  BSLSIGNATURE          0000ffde   00000002  00000002  00000000  RWIX  ffff 
  INT00                 0000ffe0   00000002  00000002  00000000  RWIX
  INT01                 0000ffe2   00000002  00000000  00000002  RWIX
  INT02                 0000ffe4   00000002  00000002  00000000  RWIX
  INT03                 0000ffe6   00000002  00000002  00000000  RWIX
  INT04                 0000ffe8   00000002  00000000  00000002  RWIX
  INT05                 0000ffea   00000002  00000002  00000000  RWIX
  INT06                 0000ffec   00000002  00000002  00000000  RWIX
  INT07                 0000ffee   00000002  00000002  00000000  RWIX
  INT08                 0000fff0   00000002  00000002  00000000  RWIX
  INT09                 0000fff2   00000002  00000002  00000000  RWIX
  INT10                 0000fff4   00000002  00000002  00000000  RWIX
  INT11                 0000fff6   00000002  00000002  00000000  RWIX
  INT12                 0000fff8   00000002  00000002  00000000  RWIX
  INT13                 0000fffa   00000002  00000002  00000000  RWIX
  INT14                 0000fffc   00000002  00000002  00000000  RWIX
  RESET                 0000fffe   00000002  00000002  00000000  RWIX


SECTION ALLOCATION MAP

 output                                  attributes/
section   page    origin      length       input sections
--------  ----  ----------  ----------   ----------------
.data      0    00000200    0000003b     UNINITIALIZED
                  00000200    00000014     i2c.obj (.data:ReceiveBuffer)
                  00000214    00000014     i2c.obj (.data:TransmitBuffer)
                  00000228    00000007     i2c.obj (.data)
                  0000022f    00000001     --HOLE--
                  00000230    00000005     tea5767.obj (.data:reception_data)
                  00000235    00000001     --HOLE--
                  00000236    00000005     tea5767.obj (.data:transmission_data)

.bss       0    0000023c    00000006     UNINITIALIZED
                  0000023c    00000004     (.common:frequency)
                  00000240    00000001     (.common:hiInjection)
                  00000241    00000001     (.common:radio_settings)

.stack     0    000003b0    00000050     UNINITIALIZED
                  000003b0    00000002     rts430_eabi.lib : boot.c.obj (.stack)
                  000003b2    0000004e     --HOLE--

.text      0    0000c000    00001708     
                  0000c000    000002fa     rts430_eabi.lib : addd.c.obj (.text:__mspabi_addd)
                  0000c2fa    00000286                     : frcmpyd.c.obj (.text:__TI_frcmpyd)
                  0000c580    0000026e                     : mpyd.c.obj (.text:__mspabi_mpyd)
                  0000c7ee    00000260                     : frcaddd.c.obj (.text:__TI_frcaddd)
                  0000ca4e    00000132                     : fs_add.asm.obj (.text)
                  0000cb80    000000e6     i2c.obj (.text:USCIAB0TX_ISR)
                  0000cc66    000000c4     rts430_eabi.lib : fs_mpy.asm.obj (.text)
                  0000cd2a    000000be                     : renormd.c.obj (.text:__TI_renormd)
                  0000cde8    000000ac                     : fltlid.c.obj (.text:__mspabi_fltlid)
                  0000ce94    00000090     tea5767.obj (.text:set_frequency)
                  0000cf24    0000008c     rts430_eabi.lib : cvtdf.c.obj (.text:__mspabi_cvtdf)
                  0000cfb0    00000086     tea5767.obj (.text:calculate_opt_LO_injection)
                  0000d036    0000007c     rts430_eabi.lib : copy_decompress_lzss.c.obj (.text:decompress:lzss:__TI_decompress_lzss)
                  0000d0b2    00000070                     : cvtfd.c.obj (.text:__mspabi_cvtfd)
                  0000d122    00000070     tea5767.obj (.text:select_channel)
                  0000d192    0000005c     rts430_eabi.lib : lsr32.asm.obj (.text:l_lsr_const)
                  0000d1ee    0000004e     i2c.obj (.text:I2C_Master_WriteReg)
                  0000d23c    0000004c     rts430_eabi.lib : lsr16.asm.obj (.text)
                  0000d288    00000046                     : fs_tou.asm.obj (.text)
                  0000d2ce    00000042                     : autoinit.c.obj (.text:__TI_auto_init_nobinit_nopinit:__TI_auto_init_nobinit_nopinit)
                  0000d310    0000003e                     : asr32.asm.obj (.text:l_asr_const)
                  0000d34e    0000003e                     : lsl32.asm.obj (.text:l_lsl_const)
                  0000d38c    0000003c     i2c.obj (.text:I2C_Master_ReadReg)
                  0000d3c8    0000003a     tea5767.obj (.text:transmit_data)
                  0000d402    00000034     tea5767.obj (.text:select_freq)
                  0000d436    0000002e     rts430_eabi.lib : subd.c.obj (.text:__mspabi_subd)
                  0000d464    0000002c     tea5767.obj (.text:read_status)
                  0000d490    0000002c     rts430_eabi.lib : asr16.asm.obj (.text)
                  0000d4bc    0000002c                     : lsl16.asm.obj (.text)
                  0000d4e8    0000002a     i2c.obj (.text:initI2C)
                  0000d512    00000026     rts430_eabi.lib : mult32.asm.obj (.text)
                  0000d538    00000022     i2c.obj (.text:USCIAB0RX_ISR)
                  0000d55a    00000022     main.obj (.text:main)
                  0000d57c    0000001e     tea5767.obj (.text:toggle_mute)
                  0000d59a    0000001e     tea5767.obj (.text:toggle_stereo_noise_cancelling)
                  0000d5b8    0000001c     i2c.obj (.text:CopyArray)
                  0000d5d4    0000001c     rts430_eabi.lib : boot.c.obj (.text:_c_int00_noargs)
                  0000d5f0    0000001c     i2c.obj (.text:initClockTo16MHz)
                  0000d60c    0000001a     tea5767.obj (.text:init_transmission_data)
                  0000d626    00000016     tea5767.obj (.text:init_TEA5767N)
                  0000d63c    00000014     rts430_eabi.lib : copy_zero_init.c.obj (.text:decompress:ZI:__TI_zero_init_nomemset:__TI_zero_init_nomemset)
                  0000d650    00000014     tea5767.obj (.text:get_signal_level)
                  0000d664    00000012     rts430_eabi.lib : copy_decompress_none.c.obj (.text:decompress:none:__TI_decompress_none)
                  0000d676    00000012                     : lsr32.asm.obj (.text:l_lsr)
                  0000d688    00000012                     : memcpy.c.obj (.text:memcpy)
                  0000d69a    00000010                     : asr32.asm.obj (.text:l_asr)
                  0000d6aa    00000010                     : lsl32.asm.obj (.text:l_lsl)
                  0000d6ba    00000010                     : epilog.asm.obj (.text)
                  0000d6ca    0000000e     i2c.obj (.text:initGPIO)
                  0000d6d8    0000000c     rts430_eabi.lib : fltid.c.obj (.text:__mspabi_fltid)
                  0000d6e4    00000008                     : isr_trap.asm.obj (.text:_isr:__TI_ISR_TRAP)
                  0000d6ec    00000008     tea5767.obj (.text:set_high_LO_injection)
                  0000d6f4    00000008     tea5767.obj (.text:set_low_LO_injection)
                  0000d6fc    00000006     rts430_eabi.lib : exit.c.obj (.text:abort)
                  0000d702    00000004                     : pre_init.c.obj (.text:_system_pre_init)
                  0000d706    00000002                     : startup.c.obj (.text:_system_post_cinit)

.cinit     0    0000d708    0000001a     
                  0000d708    00000008     (.cinit..data.load) [load image, compression = lzss]
                  0000d710    00000006     (__TI_handler_table)
                  0000d716    00000004     (.cinit..bss.load) [load image, compression = zero_init]
                  0000d71a    00000008     (__TI_cinit_table)

.binit     0    0000c000    00000000     

.init_array 
*          0    0000c000    00000000     UNINITIALIZED

TRAPINT    0    0000ffe0    00000002     
                  0000ffe0    00000002     rts430_eabi.lib : int00.asm.obj (.int00)

PORT1      0    0000ffe4    00000002     
                  0000ffe4    00000002     rts430_eabi.lib : int02.asm.obj (.int02)

PORT2      0    0000ffe6    00000002     
                  0000ffe6    00000002     rts430_eabi.lib : int03.asm.obj (.int03)

ADC10      0    0000ffea    00000002     
                  0000ffea    00000002     rts430_eabi.lib : int05.asm.obj (.int05)

USCIAB0TX 
*          0    0000ffec    00000002     
                  0000ffec    00000002     i2c.obj (.int06)

USCIAB0RX 
*          0    0000ffee    00000002     
                  0000ffee    00000002     i2c.obj (.int07)

TIMER0_A1 
*          0    0000fff0    00000002     
                  0000fff0    00000002     rts430_eabi.lib : int08.asm.obj (.int08)

TIMER0_A0 
*          0    0000fff2    00000002     
                  0000fff2    00000002     rts430_eabi.lib : int09.asm.obj (.int09)

WDT        0    0000fff4    00000002     
                  0000fff4    00000002     rts430_eabi.lib : int10.asm.obj (.int10)

COMPARATORA 
*          0    0000fff6    00000002     
                  0000fff6    00000002     rts430_eabi.lib : int11.asm.obj (.int11)

TIMER1_A1 
*          0    0000fff8    00000002     
                  0000fff8    00000002     rts430_eabi.lib : int12.asm.obj (.int12)

TIMER1_A0 
*          0    0000fffa    00000002     
                  0000fffa    00000002     rts430_eabi.lib : int13.asm.obj (.int13)

NMI        0    0000fffc    00000002     
                  0000fffc    00000002     rts430_eabi.lib : int14.asm.obj (.int14)

.reset     0    0000fffe    00000002     
                  0000fffe    00000002     rts430_eabi.lib : boot.c.obj (.reset)

$fill000   0    0000ffde    00000002     
                  0000ffde    00000002     --HOLE-- [fill = ffff]

MODULE SUMMARY

       Module                       code   ro data   rw data
       ------                       ----   -------   -------
    .\
       tea5767.obj                  688    0         10     
       i2c.obj                      514    4         47     
       main.obj                     34     0         6      
    +--+----------------------------+------+---------+---------+
       Total:                       1236   4         63     
                                                            
    C:\ti\ccs930\ccs\tools\compiler\ti-cgt-msp430_18.12.4.LTS\lib\rts430_eabi.lib
       addd.c.obj                   762    0         0      
       frcmpyd.c.obj                646    0         0      
       mpyd.c.obj                   622    0         0      
       frcaddd.c.obj                608    0         0      
       fs_add.asm.obj               306    0         0      
       fs_mpy.asm.obj               196    0         0      
       renormd.c.obj                190    0         0      
       fltlid.c.obj                 172    0         0      
       cvtdf.c.obj                  140    0         0      
       copy_decompress_lzss.c.obj   124    0         0      
       cvtfd.c.obj                  112    0         0      
       lsr32.asm.obj                110    0         0      
       asr32.asm.obj                78     0         0      
       lsl32.asm.obj                78     0         0      
       lsr16.asm.obj                76     0         0      
       fs_tou.asm.obj               70     0         0      
       autoinit.c.obj               66     0         0      
       subd.c.obj                   46     0         0      
       asr16.asm.obj                44     0         0      
       lsl16.asm.obj                44     0         0      
       mult32.asm.obj               38     0         0      
       boot.c.obj                   28     2         0      
       copy_zero_init.c.obj         20     0         0      
       copy_decompress_none.c.obj   18     0         0      
       memcpy.c.obj                 18     0         0      
       epilog.asm.obj               16     0         0      
       fltid.c.obj                  12     0         0      
       isr_trap.asm.obj             8      0         0      
       exit.c.obj                   6      0         0      
       pre_init.c.obj               4      0         0      
       int00.asm.obj                0      2         0      
       int02.asm.obj                0      2         0      
       int03.asm.obj                0      2         0      
       int05.asm.obj                0      2         0      
       int08.asm.obj                0      2         0      
       int09.asm.obj                0      2         0      
       int10.asm.obj                0      2         0      
       int11.asm.obj                0      2         0      
       int12.asm.obj                0      2         0      
       int13.asm.obj                0      2         0      
       int14.asm.obj                0      2         0      
       startup.c.obj                2      0         0      
    +--+----------------------------+------+---------+---------+
       Total:                       4660   24        0      
                                                            
       Stack:                       0      0         80     
       Linker Generated:            0      26        0      
    +--+----------------------------+------+---------+---------+
       Grand Total:                 5896   54        143    


LINKER GENERATED COPY TABLES

__TI_cinit_table @ 0000d71a records: 2, size/record: 4, table size: 8
	.data: load addr=0000d708, load size=00000008 bytes, run addr=00000200, run size=0000003b bytes, compression=lzss
	.bss: load addr=0000d716, load size=00000004 bytes, run addr=0000023c, run size=00000006 bytes, compression=zero_init


LINKER GENERATED HANDLER TABLE

__TI_handler_table @ 0000d710 records: 3, size/record: 2, table size: 6
	index: 0, handler: __TI_zero_init
	index: 1, handler: __TI_decompress_lzss
	index: 2, handler: __TI_decompress_none


GLOBAL SYMBOLS: SORTED ALPHABETICALLY BY Name 

address   name                          
-------   ----                          
0000004a  ADC10AE0                      
000001b0  ADC10CTL0                     
000001b2  ADC10CTL1                     
00000048  ADC10DTC0                     
00000049  ADC10DTC1                     
000001b4  ADC10MEM                      
000001bc  ADC10SA                       
00000057  BCSCTL1                       
00000058  BCSCTL2                       
00000053  BCSCTL3                       
0000d6fc  C$$EXIT                       
00000059  CACTL1                        
0000005a  CACTL2                        
000010fb  CALBC1_12MHZ                  
000010f9  CALBC1_16MHZ                  
000010ff  CALBC1_1MHZ                   
000010fd  CALBC1_8MHZ                   
000010fa  CALDCO_12MHZ                  
000010f8  CALDCO_16MHZ                  
000010fe  CALDCO_1MHZ                   
000010fc  CALDCO_8MHZ                   
0000005b  CAPD                          
0000d5b8  CopyArray                     
00000056  DCOCTL                        
00000128  FCTL1                         
0000012a  FCTL2                         
0000012c  FCTL3                         
0000d38c  I2C_Master_ReadReg            
0000d1ee  I2C_Master_WriteReg           
00000000  IE1                           
00000001  IE2                           
00000002  IFG1                          
00000003  IFG2                          
00000228  MasterMode                    
00000022  P1DIR                         
00000025  P1IE                          
00000024  P1IES                         
00000023  P1IFG                         
00000020  P1IN                          
00000021  P1OUT                         
00000027  P1REN                         
00000026  P1SEL                         
00000041  P1SEL2                        
0000002a  P2DIR                         
0000002d  P2IE                          
0000002c  P2IES                         
0000002b  P2IFG                         
00000028  P2IN                          
00000029  P2OUT                         
0000002f  P2REN                         
0000002e  P2SEL                         
00000042  P2SEL2                        
0000001a  P3DIR                         
00000018  P3IN                          
00000019  P3OUT                         
00000010  P3REN                         
0000001b  P3SEL                         
00000043  P3SEL2                        
0000022b  RXByteCtr                     
00000200  ReceiveBuffer                 
0000022c  ReceiveIndex                  
00000172  TA0CCR0                       
00000174  TA0CCR1                       
00000176  TA0CCR2                       
00000162  TA0CCTL0                      
00000164  TA0CCTL1                      
00000166  TA0CCTL2                      
00000160  TA0CTL                        
0000012e  TA0IV                         
00000170  TA0R                          
00000192  TA1CCR0                       
00000194  TA1CCR1                       
00000196  TA1CCR2                       
00000182  TA1CCTL0                      
00000184  TA1CCTL1                      
00000186  TA1CCTL2                      
00000180  TA1CTL                        
0000011e  TA1IV                         
00000190  TA1R                          
000010db  TLV_ADC10_1_LEN               
000010da  TLV_ADC10_1_TAG               
000010c0  TLV_CHECKSUM                  
000010f7  TLV_DCO_30_LEN                
000010f6  TLV_DCO_30_TAG                
0000022d  TXByteCtr                     
00000214  TransmitBuffer                
0000022e  TransmitIndex                 
0000022a  TransmitRegAddr               
0000005d  UCA0ABCTL                     
00000062  UCA0BR0                       
00000063  UCA0BR1                       
00000060  UCA0CTL0                      
00000061  UCA0CTL1                      
0000005f  UCA0IRRCTL                    
0000005e  UCA0IRTCTL                    
00000064  UCA0MCTL                      
00000066  UCA0RXBUF                     
00000065  UCA0STAT                      
00000067  UCA0TXBUF                     
0000006a  UCB0BR0                       
0000006b  UCB0BR1                       
00000068  UCB0CTL0                      
00000069  UCB0CTL1                      
0000006c  UCB0I2CIE                     
00000118  UCB0I2COA                     
0000011a  UCB0I2CSA                     
0000006e  UCB0RXBUF                     
0000006d  UCB0STAT                      
0000006f  UCB0TXBUF                     
0000d538  USCIAB0RX_ISR                 
0000cb80  USCIAB0TX_ISR                 
00000120  WDTCTL                        
00000400  __STACK_END                   
00000050  __STACK_SIZE                  
0000d71a  __TI_CINIT_Base               
0000d722  __TI_CINIT_Limit              
0000d710  __TI_Handler_Table_Base       
0000d716  __TI_Handler_Table_Limit      
0000d6e4  __TI_ISR_TRAP                 
0000d2ce  __TI_auto_init_nobinit_nopinit
0000d036  __TI_decompress_lzss          
0000d664  __TI_decompress_none          
0000c7ee  __TI_frcaddd                  
0000c2fa  __TI_frcmpyd                  
0000ffe0  __TI_int00                    
0000ffe4  __TI_int02                    
0000ffe6  __TI_int03                    
0000ffea  __TI_int05                    
0000ffec  __TI_int06                    
0000ffee  __TI_int07                    
0000fff0  __TI_int08                    
0000fff2  __TI_int09                    
0000fff4  __TI_int10                    
0000fff6  __TI_int11                    
0000fff8  __TI_int12                    
0000fffa  __TI_int13                    
0000fffc  __TI_int14                    
ffffffff  __TI_pprof_out_hndl           
ffffffff  __TI_prof_data_size           
ffffffff  __TI_prof_data_start          
0000cd2a  __TI_renormd                  
0000d63c  __TI_zero_init_nomemset       
ffffffff  __c_args__                    
0000c000  __mspabi_addd                 
0000ca54  __mspabi_addf                 
0000cf24  __mspabi_cvtdf                
0000d0b2  __mspabi_cvtfd                
0000d288  __mspabi_fixfu                
0000d6d8  __mspabi_fltid                
0000cde8  __mspabi_fltlid               
0000d6c6  __mspabi_func_epilog_1        
0000d6c4  __mspabi_func_epilog_2        
0000d6c2  __mspabi_func_epilog_3        
0000d6c0  __mspabi_func_epilog_4        
0000d6be  __mspabi_func_epilog_5        
0000d6bc  __mspabi_func_epilog_6        
0000d6ba  __mspabi_func_epilog_7        
0000c580  __mspabi_mpyd                 
0000cc66  __mspabi_mpyf                 
0000d512  __mspabi_mpyl                 
0000d512  __mspabi_mpyl_sw              
0000d4bc  __mspabi_slli                 
0000d4e4  __mspabi_slli_1               
0000d4d2  __mspabi_slli_10              
0000d4d0  __mspabi_slli_11              
0000d4ce  __mspabi_slli_12              
0000d4cc  __mspabi_slli_13              
0000d4ca  __mspabi_slli_14              
0000d4c8  __mspabi_slli_15              
0000d4e2  __mspabi_slli_2               
0000d4e0  __mspabi_slli_3               
0000d4de  __mspabi_slli_4               
0000d4dc  __mspabi_slli_5               
0000d4da  __mspabi_slli_6               
0000d4d8  __mspabi_slli_7               
0000d4d6  __mspabi_slli_8               
0000d4d4  __mspabi_slli_9               
0000d6aa  __mspabi_slll                 
0000d386  __mspabi_slll_1               
0000d362  __mspabi_slll_10              
0000d35e  __mspabi_slll_11              
0000d35a  __mspabi_slll_12              
0000d356  __mspabi_slll_13              
0000d352  __mspabi_slll_14              
0000d34e  __mspabi_slll_15              
0000d382  __mspabi_slll_2               
0000d37e  __mspabi_slll_3               
0000d37a  __mspabi_slll_4               
0000d376  __mspabi_slll_5               
0000d372  __mspabi_slll_6               
0000d36e  __mspabi_slll_7               
0000d36a  __mspabi_slll_8               
0000d366  __mspabi_slll_9               
0000d490  __mspabi_srai                 
0000d4b8  __mspabi_srai_1               
0000d4a6  __mspabi_srai_10              
0000d4a4  __mspabi_srai_11              
0000d4a2  __mspabi_srai_12              
0000d4a0  __mspabi_srai_13              
0000d49e  __mspabi_srai_14              
0000d49c  __mspabi_srai_15              
0000d4b6  __mspabi_srai_2               
0000d4b4  __mspabi_srai_3               
0000d4b2  __mspabi_srai_4               
0000d4b0  __mspabi_srai_5               
0000d4ae  __mspabi_srai_6               
0000d4ac  __mspabi_srai_7               
0000d4aa  __mspabi_srai_8               
0000d4a8  __mspabi_srai_9               
0000d69a  __mspabi_sral                 
0000d348  __mspabi_sral_1               
0000d324  __mspabi_sral_10              
0000d320  __mspabi_sral_11              
0000d31c  __mspabi_sral_12              
0000d318  __mspabi_sral_13              
0000d314  __mspabi_sral_14              
0000d310  __mspabi_sral_15              
0000d344  __mspabi_sral_2               
0000d340  __mspabi_sral_3               
0000d33c  __mspabi_sral_4               
0000d338  __mspabi_sral_5               
0000d334  __mspabi_sral_6               
0000d330  __mspabi_sral_7               
0000d32c  __mspabi_sral_8               
0000d328  __mspabi_sral_9               
0000d23c  __mspabi_srli                 
0000d282  __mspabi_srli_1               
0000d25e  __mspabi_srli_10              
0000d25a  __mspabi_srli_11              
0000d256  __mspabi_srli_12              
0000d252  __mspabi_srli_13              
0000d24e  __mspabi_srli_14              
0000d24a  __mspabi_srli_15              
0000d27e  __mspabi_srli_2               
0000d27a  __mspabi_srli_3               
0000d276  __mspabi_srli_4               
0000d272  __mspabi_srli_5               
0000d26e  __mspabi_srli_6               
0000d26a  __mspabi_srli_7               
0000d266  __mspabi_srli_8               
0000d262  __mspabi_srli_9               
0000d676  __mspabi_srll                 
0000d1e6  __mspabi_srll_1               
0000d1b0  __mspabi_srll_10              
0000d1aa  __mspabi_srll_11              
0000d1a4  __mspabi_srll_12              
0000d19e  __mspabi_srll_13              
0000d198  __mspabi_srll_14              
0000d192  __mspabi_srll_15              
0000d1e0  __mspabi_srll_2               
0000d1da  __mspabi_srll_3               
0000d1d4  __mspabi_srll_4               
0000d1ce  __mspabi_srll_5               
0000d1c8  __mspabi_srll_6               
0000d1c2  __mspabi_srll_7               
0000d1bc  __mspabi_srll_8               
0000d1b6  __mspabi_srll_9               
0000d436  __mspabi_subd                 
0000ca4e  __mspabi_subf                 
0000d5d4  _c_int00_noargs               
0000fffe  _reset_vector                 
000003b0  _stack                        
0000d706  _system_post_cinit            
0000d702  _system_pre_init              
0000d6fc  abort                         
0000cfb0  calculate_opt_LO_injection    
0000023c  frequency                     
0000d650  get_signal_level              
00000240  hiInjection                   
0000d5f0  initClockTo16MHz              
0000d6ca  initGPIO                      
0000d4e8  initI2C                       
0000d626  init_TEA5767N                 
0000d60c  init_transmission_data        
0000d55a  main                          
0000d688  memcpy                        
00000241  radio_settings                
0000d464  read_status                   
00000230  reception_data                
0000d122  select_channel                
0000d402  select_freq                   
0000ce94  set_frequency                 
0000d6ec  set_high_LO_injection         
0000d6f4  set_low_LO_injection          
0000d57c  toggle_mute                   
0000d59a  toggle_stereo_noise_cancelling
00000236  transmission_data             
0000d3c8  transmit_data                 


GLOBAL SYMBOLS: SORTED BY Symbol Address 

address   name                          
-------   ----                          
00000000  IE1                           
00000001  IE2                           
00000002  IFG1                          
00000003  IFG2                          
00000010  P3REN                         
00000018  P3IN                          
00000019  P3OUT                         
0000001a  P3DIR                         
0000001b  P3SEL                         
00000020  P1IN                          
00000021  P1OUT                         
00000022  P1DIR                         
00000023  P1IFG                         
00000024  P1IES                         
00000025  P1IE                          
00000026  P1SEL                         
00000027  P1REN                         
00000028  P2IN                          
00000029  P2OUT                         
0000002a  P2DIR                         
0000002b  P2IFG                         
0000002c  P2IES                         
0000002d  P2IE                          
0000002e  P2SEL                         
0000002f  P2REN                         
00000041  P1SEL2                        
00000042  P2SEL2                        
00000043  P3SEL2                        
00000048  ADC10DTC0                     
00000049  ADC10DTC1                     
0000004a  ADC10AE0                      
00000050  __STACK_SIZE                  
00000053  BCSCTL3                       
00000056  DCOCTL                        
00000057  BCSCTL1                       
00000058  BCSCTL2                       
00000059  CACTL1                        
0000005a  CACTL2                        
0000005b  CAPD                          
0000005d  UCA0ABCTL                     
0000005e  UCA0IRTCTL                    
0000005f  UCA0IRRCTL                    
00000060  UCA0CTL0                      
00000061  UCA0CTL1                      
00000062  UCA0BR0                       
00000063  UCA0BR1                       
00000064  UCA0MCTL                      
00000065  UCA0STAT                      
00000066  UCA0RXBUF                     
00000067  UCA0TXBUF                     
00000068  UCB0CTL0                      
00000069  UCB0CTL1                      
0000006a  UCB0BR0                       
0000006b  UCB0BR1                       
0000006c  UCB0I2CIE                     
0000006d  UCB0STAT                      
0000006e  UCB0RXBUF                     
0000006f  UCB0TXBUF                     
00000118  UCB0I2COA                     
0000011a  UCB0I2CSA                     
0000011e  TA1IV                         
00000120  WDTCTL                        
00000128  FCTL1                         
0000012a  FCTL2                         
0000012c  FCTL3                         
0000012e  TA0IV                         
00000160  TA0CTL                        
00000162  TA0CCTL0                      
00000164  TA0CCTL1                      
00000166  TA0CCTL2                      
00000170  TA0R                          
00000172  TA0CCR0                       
00000174  TA0CCR1                       
00000176  TA0CCR2                       
00000180  TA1CTL                        
00000182  TA1CCTL0                      
00000184  TA1CCTL1                      
00000186  TA1CCTL2                      
00000190  TA1R                          
00000192  TA1CCR0                       
00000194  TA1CCR1                       
00000196  TA1CCR2                       
000001b0  ADC10CTL0                     
000001b2  ADC10CTL1                     
000001b4  ADC10MEM                      
000001bc  ADC10SA                       
00000200  ReceiveBuffer                 
00000214  TransmitBuffer                
00000228  MasterMode                    
0000022a  TransmitRegAddr               
0000022b  RXByteCtr                     
0000022c  ReceiveIndex                  
0000022d  TXByteCtr                     
0000022e  TransmitIndex                 
00000230  reception_data                
00000236  transmission_data             
0000023c  frequency                     
00000240  hiInjection                   
00000241  radio_settings                
000003b0  _stack                        
00000400  __STACK_END                   
000010c0  TLV_CHECKSUM                  
000010da  TLV_ADC10_1_TAG               
000010db  TLV_ADC10_1_LEN               
000010f6  TLV_DCO_30_TAG                
000010f7  TLV_DCO_30_LEN                
000010f8  CALDCO_16MHZ                  
000010f9  CALBC1_16MHZ                  
000010fa  CALDCO_12MHZ                  
000010fb  CALBC1_12MHZ                  
000010fc  CALDCO_8MHZ                   
000010fd  CALBC1_8MHZ                   
000010fe  CALDCO_1MHZ                   
000010ff  CALBC1_1MHZ                   
0000c000  __mspabi_addd                 
0000c2fa  __TI_frcmpyd                  
0000c580  __mspabi_mpyd                 
0000c7ee  __TI_frcaddd                  
0000ca4e  __mspabi_subf                 
0000ca54  __mspabi_addf                 
0000cb80  USCIAB0TX_ISR                 
0000cc66  __mspabi_mpyf                 
0000cd2a  __TI_renormd                  
0000cde8  __mspabi_fltlid               
0000ce94  set_frequency                 
0000cf24  __mspabi_cvtdf                
0000cfb0  calculate_opt_LO_injection    
0000d036  __TI_decompress_lzss          
0000d0b2  __mspabi_cvtfd                
0000d122  select_channel                
0000d192  __mspabi_srll_15              
0000d198  __mspabi_srll_14              
0000d19e  __mspabi_srll_13              
0000d1a4  __mspabi_srll_12              
0000d1aa  __mspabi_srll_11              
0000d1b0  __mspabi_srll_10              
0000d1b6  __mspabi_srll_9               
0000d1bc  __mspabi_srll_8               
0000d1c2  __mspabi_srll_7               
0000d1c8  __mspabi_srll_6               
0000d1ce  __mspabi_srll_5               
0000d1d4  __mspabi_srll_4               
0000d1da  __mspabi_srll_3               
0000d1e0  __mspabi_srll_2               
0000d1e6  __mspabi_srll_1               
0000d1ee  I2C_Master_WriteReg           
0000d23c  __mspabi_srli                 
0000d24a  __mspabi_srli_15              
0000d24e  __mspabi_srli_14              
0000d252  __mspabi_srli_13              
0000d256  __mspabi_srli_12              
0000d25a  __mspabi_srli_11              
0000d25e  __mspabi_srli_10              
0000d262  __mspabi_srli_9               
0000d266  __mspabi_srli_8               
0000d26a  __mspabi_srli_7               
0000d26e  __mspabi_srli_6               
0000d272  __mspabi_srli_5               
0000d276  __mspabi_srli_4               
0000d27a  __mspabi_srli_3               
0000d27e  __mspabi_srli_2               
0000d282  __mspabi_srli_1               
0000d288  __mspabi_fixfu                
0000d2ce  __TI_auto_init_nobinit_nopinit
0000d310  __mspabi_sral_15              
0000d314  __mspabi_sral_14              
0000d318  __mspabi_sral_13              
0000d31c  __mspabi_sral_12              
0000d320  __mspabi_sral_11              
0000d324  __mspabi_sral_10              
0000d328  __mspabi_sral_9               
0000d32c  __mspabi_sral_8               
0000d330  __mspabi_sral_7               
0000d334  __mspabi_sral_6               
0000d338  __mspabi_sral_5               
0000d33c  __mspabi_sral_4               
0000d340  __mspabi_sral_3               
0000d344  __mspabi_sral_2               
0000d348  __mspabi_sral_1               
0000d34e  __mspabi_slll_15              
0000d352  __mspabi_slll_14              
0000d356  __mspabi_slll_13              
0000d35a  __mspabi_slll_12              
0000d35e  __mspabi_slll_11              
0000d362  __mspabi_slll_10              
0000d366  __mspabi_slll_9               
0000d36a  __mspabi_slll_8               
0000d36e  __mspabi_slll_7               
0000d372  __mspabi_slll_6               
0000d376  __mspabi_slll_5               
0000d37a  __mspabi_slll_4               
0000d37e  __mspabi_slll_3               
0000d382  __mspabi_slll_2               
0000d386  __mspabi_slll_1               
0000d38c  I2C_Master_ReadReg            
0000d3c8  transmit_data                 
0000d402  select_freq                   
0000d436  __mspabi_subd                 
0000d464  read_status                   
0000d490  __mspabi_srai                 
0000d49c  __mspabi_srai_15              
0000d49e  __mspabi_srai_14              
0000d4a0  __mspabi_srai_13              
0000d4a2  __mspabi_srai_12              
0000d4a4  __mspabi_srai_11              
0000d4a6  __mspabi_srai_10              
0000d4a8  __mspabi_srai_9               
0000d4aa  __mspabi_srai_8               
0000d4ac  __mspabi_srai_7               
0000d4ae  __mspabi_srai_6               
0000d4b0  __mspabi_srai_5               
0000d4b2  __mspabi_srai_4               
0000d4b4  __mspabi_srai_3               
0000d4b6  __mspabi_srai_2               
0000d4b8  __mspabi_srai_1               
0000d4bc  __mspabi_slli                 
0000d4c8  __mspabi_slli_15              
0000d4ca  __mspabi_slli_14              
0000d4cc  __mspabi_slli_13              
0000d4ce  __mspabi_slli_12              
0000d4d0  __mspabi_slli_11              
0000d4d2  __mspabi_slli_10              
0000d4d4  __mspabi_slli_9               
0000d4d6  __mspabi_slli_8               
0000d4d8  __mspabi_slli_7               
0000d4da  __mspabi_slli_6               
0000d4dc  __mspabi_slli_5               
0000d4de  __mspabi_slli_4               
0000d4e0  __mspabi_slli_3               
0000d4e2  __mspabi_slli_2               
0000d4e4  __mspabi_slli_1               
0000d4e8  initI2C                       
0000d512  __mspabi_mpyl                 
0000d512  __mspabi_mpyl_sw              
0000d538  USCIAB0RX_ISR                 
0000d55a  main                          
0000d57c  toggle_mute                   
0000d59a  toggle_stereo_noise_cancelling
0000d5b8  CopyArray                     
0000d5d4  _c_int00_noargs               
0000d5f0  initClockTo16MHz              
0000d60c  init_transmission_data        
0000d626  init_TEA5767N                 
0000d63c  __TI_zero_init_nomemset       
0000d650  get_signal_level              
0000d664  __TI_decompress_none          
0000d676  __mspabi_srll                 
0000d688  memcpy                        
0000d69a  __mspabi_sral                 
0000d6aa  __mspabi_slll                 
0000d6ba  __mspabi_func_epilog_7        
0000d6bc  __mspabi_func_epilog_6        
0000d6be  __mspabi_func_epilog_5        
0000d6c0  __mspabi_func_epilog_4        
0000d6c2  __mspabi_func_epilog_3        
0000d6c4  __mspabi_func_epilog_2        
0000d6c6  __mspabi_func_epilog_1        
0000d6ca  initGPIO                      
0000d6d8  __mspabi_fltid                
0000d6e4  __TI_ISR_TRAP                 
0000d6ec  set_high_LO_injection         
0000d6f4  set_low_LO_injection          
0000d6fc  C$$EXIT                       
0000d6fc  abort                         
0000d702  _system_pre_init              
0000d706  _system_post_cinit            
0000d710  __TI_Handler_Table_Base       
0000d716  __TI_Handler_Table_Limit      
0000d71a  __TI_CINIT_Base               
0000d722  __TI_CINIT_Limit              
0000ffe0  __TI_int00                    
0000ffe4  __TI_int02                    
0000ffe6  __TI_int03                    
0000ffea  __TI_int05                    
0000ffec  __TI_int06                    
0000ffee  __TI_int07                    
0000fff0  __TI_int08                    
0000fff2  __TI_int09                    
0000fff4  __TI_int10                    
0000fff6  __TI_int11                    
0000fff8  __TI_int12                    
0000fffa  __TI_int13                    
0000fffc  __TI_int14                    
0000fffe  _reset_vector                 
ffffffff  __TI_pprof_out_hndl           
ffffffff  __TI_prof_data_size           
ffffffff  __TI_prof_data_start          
ffffffff  __c_args__                    

[288 symbols]
