<?xml version="1.0" encoding="ISO-8859-1" ?>
<link_info>
   <banner>MSP430 Linker PC v18.12.4.LTS</banner>
   <copyright>Copyright (c) 2003-2018 Texas Instruments Incorporated</copyright>
   <link_time>0x5e5f1055</link_time>
   <link_errors>0x0</link_errors>
   <output_file>msp-fm.out</output_file>
   <entry_point>
      <name>_c_int00_noargs</name>
      <address>0xd5d4</address>
   </entry_point>
   <input_file_list>
      <input_file id="fl-2">
         <path>.\</path>
         <kind>object</kind>
         <file>i2c.obj</file>
         <name>i2c.obj</name>
      </input_file>
      <input_file id="fl-3">
         <path>.\</path>
         <kind>object</kind>
         <file>main.obj</file>
         <name>main.obj</name>
      </input_file>
      <input_file id="fl-4">
         <path>.\</path>
         <kind>object</kind>
         <file>tea5767.obj</file>
         <name>tea5767.obj</name>
      </input_file>
      <input_file id="fl-9">
         <kind>object</kind>
         <file>&lt;internal&gt;</file>
         <name>&lt;internal&gt;</name>
      </input_file>
      <input_file id="fl-1f">
         <path>C:\ti\ccs930\ccs\tools\compiler\ti-cgt-msp430_18.12.4.LTS\lib\</path>
         <kind>archive</kind>
         <file>rts430_eabi.lib</file>
         <name>asr16.asm.obj</name>
      </input_file>
      <input_file id="fl-20">
         <path>C:\ti\ccs930\ccs\tools\compiler\ti-cgt-msp430_18.12.4.LTS\lib\</path>
         <kind>archive</kind>
         <file>rts430_eabi.lib</file>
         <name>epilog.asm.obj</name>
      </input_file>
      <input_file id="fl-21">
         <path>C:\ti\ccs930\ccs\tools\compiler\ti-cgt-msp430_18.12.4.LTS\lib\</path>
         <kind>archive</kind>
         <file>rts430_eabi.lib</file>
         <name>fs_add.asm.obj</name>
      </input_file>
      <input_file id="fl-22">
         <path>C:\ti\ccs930\ccs\tools\compiler\ti-cgt-msp430_18.12.4.LTS\lib\</path>
         <kind>archive</kind>
         <file>rts430_eabi.lib</file>
         <name>fs_mpy.asm.obj</name>
      </input_file>
      <input_file id="fl-23">
         <path>C:\ti\ccs930\ccs\tools\compiler\ti-cgt-msp430_18.12.4.LTS\lib\</path>
         <kind>archive</kind>
         <file>rts430_eabi.lib</file>
         <name>fs_tou.asm.obj</name>
      </input_file>
      <input_file id="fl-24">
         <path>C:\ti\ccs930\ccs\tools\compiler\ti-cgt-msp430_18.12.4.LTS\lib\</path>
         <kind>archive</kind>
         <file>rts430_eabi.lib</file>
         <name>int00.asm.obj</name>
      </input_file>
      <input_file id="fl-25">
         <path>C:\ti\ccs930\ccs\tools\compiler\ti-cgt-msp430_18.12.4.LTS\lib\</path>
         <kind>archive</kind>
         <file>rts430_eabi.lib</file>
         <name>int02.asm.obj</name>
      </input_file>
      <input_file id="fl-26">
         <path>C:\ti\ccs930\ccs\tools\compiler\ti-cgt-msp430_18.12.4.LTS\lib\</path>
         <kind>archive</kind>
         <file>rts430_eabi.lib</file>
         <name>int03.asm.obj</name>
      </input_file>
      <input_file id="fl-27">
         <path>C:\ti\ccs930\ccs\tools\compiler\ti-cgt-msp430_18.12.4.LTS\lib\</path>
         <kind>archive</kind>
         <file>rts430_eabi.lib</file>
         <name>int05.asm.obj</name>
      </input_file>
      <input_file id="fl-28">
         <path>C:\ti\ccs930\ccs\tools\compiler\ti-cgt-msp430_18.12.4.LTS\lib\</path>
         <kind>archive</kind>
         <file>rts430_eabi.lib</file>
         <name>int08.asm.obj</name>
      </input_file>
      <input_file id="fl-29">
         <path>C:\ti\ccs930\ccs\tools\compiler\ti-cgt-msp430_18.12.4.LTS\lib\</path>
         <kind>archive</kind>
         <file>rts430_eabi.lib</file>
         <name>int09.asm.obj</name>
      </input_file>
      <input_file id="fl-2a">
         <path>C:\ti\ccs930\ccs\tools\compiler\ti-cgt-msp430_18.12.4.LTS\lib\</path>
         <kind>archive</kind>
         <file>rts430_eabi.lib</file>
         <name>int10.asm.obj</name>
      </input_file>
      <input_file id="fl-2b">
         <path>C:\ti\ccs930\ccs\tools\compiler\ti-cgt-msp430_18.12.4.LTS\lib\</path>
         <kind>archive</kind>
         <file>rts430_eabi.lib</file>
         <name>int11.asm.obj</name>
      </input_file>
      <input_file id="fl-2c">
         <path>C:\ti\ccs930\ccs\tools\compiler\ti-cgt-msp430_18.12.4.LTS\lib\</path>
         <kind>archive</kind>
         <file>rts430_eabi.lib</file>
         <name>int12.asm.obj</name>
      </input_file>
      <input_file id="fl-2d">
         <path>C:\ti\ccs930\ccs\tools\compiler\ti-cgt-msp430_18.12.4.LTS\lib\</path>
         <kind>archive</kind>
         <file>rts430_eabi.lib</file>
         <name>int13.asm.obj</name>
      </input_file>
      <input_file id="fl-2e">
         <path>C:\ti\ccs930\ccs\tools\compiler\ti-cgt-msp430_18.12.4.LTS\lib\</path>
         <kind>archive</kind>
         <file>rts430_eabi.lib</file>
         <name>int14.asm.obj</name>
      </input_file>
      <input_file id="fl-2f">
         <path>C:\ti\ccs930\ccs\tools\compiler\ti-cgt-msp430_18.12.4.LTS\lib\</path>
         <kind>archive</kind>
         <file>rts430_eabi.lib</file>
         <name>isr_trap.asm.obj</name>
      </input_file>
      <input_file id="fl-30">
         <path>C:\ti\ccs930\ccs\tools\compiler\ti-cgt-msp430_18.12.4.LTS\lib\</path>
         <kind>archive</kind>
         <file>rts430_eabi.lib</file>
         <name>boot.c.obj</name>
      </input_file>
      <input_file id="fl-31">
         <path>C:\ti\ccs930\ccs\tools\compiler\ti-cgt-msp430_18.12.4.LTS\lib\</path>
         <kind>archive</kind>
         <file>rts430_eabi.lib</file>
         <name>autoinit.c.obj</name>
      </input_file>
      <input_file id="fl-32">
         <path>C:\ti\ccs930\ccs\tools\compiler\ti-cgt-msp430_18.12.4.LTS\lib\</path>
         <kind>archive</kind>
         <file>rts430_eabi.lib</file>
         <name>copy_zero_init.c.obj</name>
      </input_file>
      <input_file id="fl-33">
         <path>C:\ti\ccs930\ccs\tools\compiler\ti-cgt-msp430_18.12.4.LTS\lib\</path>
         <kind>archive</kind>
         <file>rts430_eabi.lib</file>
         <name>cpy_tbl.c.obj</name>
      </input_file>
      <input_file id="fl-34">
         <path>C:\ti\ccs930\ccs\tools\compiler\ti-cgt-msp430_18.12.4.LTS\lib\</path>
         <kind>archive</kind>
         <file>rts430_eabi.lib</file>
         <name>mpu_init.c.obj</name>
      </input_file>
      <input_file id="fl-35">
         <path>C:\ti\ccs930\ccs\tools\compiler\ti-cgt-msp430_18.12.4.LTS\lib\</path>
         <kind>archive</kind>
         <file>rts430_eabi.lib</file>
         <name>pre_init.c.obj</name>
      </input_file>
      <input_file id="fl-36">
         <path>C:\ti\ccs930\ccs\tools\compiler\ti-cgt-msp430_18.12.4.LTS\lib\</path>
         <kind>archive</kind>
         <file>rts430_eabi.lib</file>
         <name>startup.c.obj</name>
      </input_file>
      <input_file id="fl-37">
         <path>C:\ti\ccs930\ccs\tools\compiler\ti-cgt-msp430_18.12.4.LTS\lib\</path>
         <kind>archive</kind>
         <file>rts430_eabi.lib</file>
         <name>copy_decompress_none.c.obj</name>
      </input_file>
      <input_file id="fl-38">
         <path>C:\ti\ccs930\ccs\tools\compiler\ti-cgt-msp430_18.12.4.LTS\lib\</path>
         <kind>archive</kind>
         <file>rts430_eabi.lib</file>
         <name>copy_decompress_lzss.c.obj</name>
      </input_file>
      <input_file id="fl-39">
         <path>C:\ti\ccs930\ccs\tools\compiler\ti-cgt-msp430_18.12.4.LTS\lib\</path>
         <kind>archive</kind>
         <file>rts430_eabi.lib</file>
         <name>cvtdf.c.obj</name>
      </input_file>
      <input_file id="fl-3a">
         <path>C:\ti\ccs930\ccs\tools\compiler\ti-cgt-msp430_18.12.4.LTS\lib\</path>
         <kind>archive</kind>
         <file>rts430_eabi.lib</file>
         <name>addd.c.obj</name>
      </input_file>
      <input_file id="fl-3b">
         <path>C:\ti\ccs930\ccs\tools\compiler\ti-cgt-msp430_18.12.4.LTS\lib\</path>
         <kind>archive</kind>
         <file>rts430_eabi.lib</file>
         <name>cvtfd.c.obj</name>
      </input_file>
      <input_file id="fl-3c">
         <path>C:\ti\ccs930\ccs\tools\compiler\ti-cgt-msp430_18.12.4.LTS\lib\</path>
         <kind>archive</kind>
         <file>rts430_eabi.lib</file>
         <name>divd.c.obj</name>
      </input_file>
      <input_file id="fl-3d">
         <path>C:\ti\ccs930\ccs\tools\compiler\ti-cgt-msp430_18.12.4.LTS\lib\</path>
         <kind>archive</kind>
         <file>rts430_eabi.lib</file>
         <name>fltid.c.obj</name>
      </input_file>
      <input_file id="fl-3e">
         <path>C:\ti\ccs930\ccs\tools\compiler\ti-cgt-msp430_18.12.4.LTS\lib\</path>
         <kind>archive</kind>
         <file>rts430_eabi.lib</file>
         <name>fltlid.c.obj</name>
      </input_file>
      <input_file id="fl-3f">
         <path>C:\ti\ccs930\ccs\tools\compiler\ti-cgt-msp430_18.12.4.LTS\lib\</path>
         <kind>archive</kind>
         <file>rts430_eabi.lib</file>
         <name>fltud.c.obj</name>
      </input_file>
      <input_file id="fl-40">
         <path>C:\ti\ccs930\ccs\tools\compiler\ti-cgt-msp430_18.12.4.LTS\lib\</path>
         <kind>archive</kind>
         <file>rts430_eabi.lib</file>
         <name>fltuld.c.obj</name>
      </input_file>
      <input_file id="fl-41">
         <path>C:\ti\ccs930\ccs\tools\compiler\ti-cgt-msp430_18.12.4.LTS\lib\</path>
         <kind>archive</kind>
         <file>rts430_eabi.lib</file>
         <name>frcaddd.c.obj</name>
      </input_file>
      <input_file id="fl-42">
         <path>C:\ti\ccs930\ccs\tools\compiler\ti-cgt-msp430_18.12.4.LTS\lib\</path>
         <kind>archive</kind>
         <file>rts430_eabi.lib</file>
         <name>frcdivd.c.obj</name>
      </input_file>
      <input_file id="fl-43">
         <path>C:\ti\ccs930\ccs\tools\compiler\ti-cgt-msp430_18.12.4.LTS\lib\</path>
         <kind>archive</kind>
         <file>rts430_eabi.lib</file>
         <name>mpyd.c.obj</name>
      </input_file>
      <input_file id="fl-44">
         <path>C:\ti\ccs930\ccs\tools\compiler\ti-cgt-msp430_18.12.4.LTS\lib\</path>
         <kind>archive</kind>
         <file>rts430_eabi.lib</file>
         <name>renormd.c.obj</name>
      </input_file>
      <input_file id="fl-45">
         <path>C:\ti\ccs930\ccs\tools\compiler\ti-cgt-msp430_18.12.4.LTS\lib\</path>
         <kind>archive</kind>
         <file>rts430_eabi.lib</file>
         <name>subd.c.obj</name>
      </input_file>
      <input_file id="fl-46">
         <path>C:\ti\ccs930\ccs\tools\compiler\ti-cgt-msp430_18.12.4.LTS\lib\</path>
         <kind>archive</kind>
         <file>rts430_eabi.lib</file>
         <name>exit.c.obj</name>
      </input_file>
      <input_file id="fl-47">
         <path>C:\ti\ccs930\ccs\tools\compiler\ti-cgt-msp430_18.12.4.LTS\lib\</path>
         <kind>archive</kind>
         <file>rts430_eabi.lib</file>
         <name>_lock.c.obj</name>
      </input_file>
      <input_file id="fl-48">
         <path>C:\ti\ccs930\ccs\tools\compiler\ti-cgt-msp430_18.12.4.LTS\lib\</path>
         <kind>archive</kind>
         <file>rts430_eabi.lib</file>
         <name>args_main.c.obj</name>
      </input_file>
      <input_file id="fl-49">
         <path>C:\ti\ccs930\ccs\tools\compiler\ti-cgt-msp430_18.12.4.LTS\lib\</path>
         <kind>archive</kind>
         <file>rts430_eabi.lib</file>
         <name>memcpy.c.obj</name>
      </input_file>
      <input_file id="fl-4a">
         <path>C:\ti\ccs930\ccs\tools\compiler\ti-cgt-msp430_18.12.4.LTS\lib\</path>
         <kind>archive</kind>
         <file>rts430_eabi.lib</file>
         <name>asr32.asm.obj</name>
      </input_file>
      <input_file id="fl-4b">
         <path>C:\ti\ccs930\ccs\tools\compiler\ti-cgt-msp430_18.12.4.LTS\lib\</path>
         <kind>archive</kind>
         <file>rts430_eabi.lib</file>
         <name>lsl16.asm.obj</name>
      </input_file>
      <input_file id="fl-4c">
         <path>C:\ti\ccs930\ccs\tools\compiler\ti-cgt-msp430_18.12.4.LTS\lib\</path>
         <kind>archive</kind>
         <file>rts430_eabi.lib</file>
         <name>lsl32.asm.obj</name>
      </input_file>
      <input_file id="fl-4d">
         <path>C:\ti\ccs930\ccs\tools\compiler\ti-cgt-msp430_18.12.4.LTS\lib\</path>
         <kind>archive</kind>
         <file>rts430_eabi.lib</file>
         <name>lsr16.asm.obj</name>
      </input_file>
      <input_file id="fl-4e">
         <path>C:\ti\ccs930\ccs\tools\compiler\ti-cgt-msp430_18.12.4.LTS\lib\</path>
         <kind>archive</kind>
         <file>rts430_eabi.lib</file>
         <name>lsr32.asm.obj</name>
      </input_file>
      <input_file id="fl-4f">
         <path>C:\ti\ccs930\ccs\tools\compiler\ti-cgt-msp430_18.12.4.LTS\lib\</path>
         <kind>archive</kind>
         <file>rts430_eabi.lib</file>
         <name>mult16.asm.obj</name>
      </input_file>
      <input_file id="fl-50">
         <path>C:\ti\ccs930\ccs\tools\compiler\ti-cgt-msp430_18.12.4.LTS\lib\</path>
         <kind>archive</kind>
         <file>rts430_eabi.lib</file>
         <name>mult32.asm.obj</name>
      </input_file>
      <input_file id="fl-51">
         <path>C:\ti\ccs930\ccs\tools\compiler\ti-cgt-msp430_18.12.4.LTS\lib\</path>
         <kind>archive</kind>
         <file>rts430_eabi.lib</file>
         <name>exit_gvars.c.obj</name>
      </input_file>
      <input_file id="fl-52">
         <path>C:\ti\ccs930\ccs\tools\compiler\ti-cgt-msp430_18.12.4.LTS\lib\</path>
         <kind>archive</kind>
         <file>rts430_eabi.lib</file>
         <name>lsr64.c.obj</name>
      </input_file>
      <input_file id="fl-53">
         <path>C:\ti\ccs930\ccs\tools\compiler\ti-cgt-msp430_18.12.4.LTS\lib\</path>
         <kind>archive</kind>
         <file>rts430_eabi.lib</file>
         <name>frcmpyd.c.obj</name>
      </input_file>
   </input_file_list>
   <object_component_list>
      <object_component id="oc-345">
         <name>.common:frequency</name>
         <uninitialized>true</uninitialized>
         <run_address>0x23c</run_address>
         <size>0x4</size>
      </object_component>
      <object_component id="oc-343">
         <name>.common:hiInjection</name>
         <uninitialized>true</uninitialized>
         <run_address>0x240</run_address>
         <size>0x1</size>
      </object_component>
      <object_component id="oc-216">
         <name>.common:radio_settings</name>
         <uninitialized>true</uninitialized>
         <run_address>0x241</run_address>
         <size>0x1</size>
      </object_component>
      <object_component id="oc-143">
         <name>.data</name>
         <load_address>0x228</load_address>
         <run_address>0x228</run_address>
         <size>0x7</size>
         <input_file_ref idref="fl-2"/>
      </object_component>
      <object_component id="oc-149">
         <name>.data:ReceiveBuffer</name>
         <load_address>0x200</load_address>
         <run_address>0x200</run_address>
         <size>0x14</size>
         <input_file_ref idref="fl-2"/>
      </object_component>
      <object_component id="oc-146">
         <name>.data:TransmitBuffer</name>
         <load_address>0x214</load_address>
         <run_address>0x214</run_address>
         <size>0x14</size>
         <input_file_ref idref="fl-2"/>
      </object_component>
      <object_component id="oc-21c">
         <name>.data:transmission_data</name>
         <load_address>0x236</load_address>
         <run_address>0x236</run_address>
         <size>0x5</size>
         <input_file_ref idref="fl-4"/>
      </object_component>
      <object_component id="oc-380">
         <name>.data:reception_data</name>
         <load_address>0x230</load_address>
         <run_address>0x230</run_address>
         <size>0x5</size>
         <input_file_ref idref="fl-4"/>
      </object_component>
      <object_component id="oc-b1">
         <name>.stack</name>
         <uninitialized>true</uninitialized>
         <run_address>0x3b0</run_address>
         <size>0x2</size>
         <input_file_ref idref="fl-30"/>
      </object_component>
      <object_component id="oc-3da">
         <name>.stack</name>
         <uninitialized>true</uninitialized>
         <run_address>0x3b0</run_address>
         <size>0x0</size>
      </object_component>
      <object_component id="oc-233">
         <name>.text:__mspabi_addd</name>
         <load_address>0xc000</load_address>
         <run_address>0xc000</run_address>
         <size>0x2fa</size>
         <input_file_ref idref="fl-3a"/>
      </object_component>
      <object_component id="oc-296">
         <name>.text:__TI_frcmpyd</name>
         <load_address>0xc2fa</load_address>
         <run_address>0xc2fa</run_address>
         <size>0x286</size>
         <input_file_ref idref="fl-53"/>
      </object_component>
      <object_component id="oc-22d">
         <name>.text:__mspabi_mpyd</name>
         <load_address>0xc580</load_address>
         <run_address>0xc580</run_address>
         <size>0x26e</size>
         <input_file_ref idref="fl-43"/>
      </object_component>
      <object_component id="oc-2a3">
         <name>.text:__TI_frcaddd</name>
         <load_address>0xc7ee</load_address>
         <run_address>0xc7ee</run_address>
         <size>0x260</size>
         <input_file_ref idref="fl-41"/>
      </object_component>
      <object_component id="oc-34b">
         <name>.text</name>
         <load_address>0xca4e</load_address>
         <run_address>0xca4e</run_address>
         <size>0x132</size>
         <input_file_ref idref="fl-21"/>
      </object_component>
      <object_component id="oc-e1">
         <name>.text:USCIAB0TX_ISR</name>
         <load_address>0xcb80</load_address>
         <run_address>0xcb80</run_address>
         <size>0xe6</size>
         <input_file_ref idref="fl-2"/>
      </object_component>
      <object_component id="oc-346">
         <name>.text</name>
         <load_address>0xcc66</load_address>
         <run_address>0xcc66</run_address>
         <size>0xc4</size>
         <input_file_ref idref="fl-22"/>
      </object_component>
      <object_component id="oc-318">
         <name>.text:__TI_renormd</name>
         <load_address>0xcd2a</load_address>
         <run_address>0xcd2a</run_address>
         <size>0xbe</size>
         <input_file_ref idref="fl-44"/>
      </object_component>
      <object_component id="oc-28a">
         <name>.text:__mspabi_fltlid</name>
         <load_address>0xcde8</load_address>
         <run_address>0xcde8</run_address>
         <size>0xac</size>
         <input_file_ref idref="fl-3e"/>
      </object_component>
      <object_component id="oc-2b8">
         <name>.text:set_frequency</name>
         <load_address>0xce94</load_address>
         <run_address>0xce94</run_address>
         <size>0x90</size>
         <input_file_ref idref="fl-4"/>
      </object_component>
      <object_component id="oc-239">
         <name>.text:__mspabi_cvtdf</name>
         <load_address>0xcf24</load_address>
         <run_address>0xcf24</run_address>
         <size>0x8c</size>
         <input_file_ref idref="fl-39"/>
      </object_component>
      <object_component id="oc-2b2">
         <name>.text:calculate_opt_LO_injection</name>
         <load_address>0xcfb0</load_address>
         <run_address>0xcfb0</run_address>
         <size>0x86</size>
         <input_file_ref idref="fl-4"/>
      </object_component>
      <object_component id="oc-34">
         <name>.text:decompress:lzss:__TI_decompress_lzss</name>
         <load_address>0xd036</load_address>
         <run_address>0xd036</run_address>
         <size>0x7c</size>
         <input_file_ref idref="fl-38"/>
      </object_component>
      <object_component id="oc-32b">
         <name>.text:__mspabi_cvtfd</name>
         <load_address>0xd0b2</load_address>
         <run_address>0xd0b2</run_address>
         <size>0x70</size>
         <input_file_ref idref="fl-3b"/>
      </object_component>
      <object_component id="oc-1ac">
         <name>.text:select_channel</name>
         <load_address>0xd122</load_address>
         <run_address>0xd122</run_address>
         <size>0x70</size>
         <input_file_ref idref="fl-4"/>
      </object_component>
      <object_component id="oc-2f3">
         <name>.text:l_lsr_const</name>
         <load_address>0xd192</load_address>
         <run_address>0xd192</run_address>
         <size>0x5c</size>
         <input_file_ref idref="fl-4e"/>
      </object_component>
      <object_component id="oc-283">
         <name>.text:I2C_Master_WriteReg</name>
         <load_address>0xd1ee</load_address>
         <run_address>0xd1ee</run_address>
         <size>0x4e</size>
         <input_file_ref idref="fl-2"/>
      </object_component>
      <object_component id="oc-ba">
         <name>.text</name>
         <load_address>0xd23c</load_address>
         <run_address>0xd23c</run_address>
         <size>0x4c</size>
         <input_file_ref idref="fl-4d"/>
      </object_component>
      <object_component id="oc-350">
         <name>.text</name>
         <load_address>0xd288</load_address>
         <run_address>0xd288</run_address>
         <size>0x46</size>
         <input_file_ref idref="fl-23"/>
      </object_component>
      <object_component id="oc-1c4">
         <name>.text:__TI_auto_init_nobinit_nopinit:__TI_auto_init_nobinit_nopinit</name>
         <load_address>0xd2ce</load_address>
         <run_address>0xd2ce</run_address>
         <size>0x42</size>
         <input_file_ref idref="fl-31"/>
      </object_component>
      <object_component id="oc-2fb">
         <name>.text:l_asr_const</name>
         <load_address>0xd310</load_address>
         <run_address>0xd310</run_address>
         <size>0x3e</size>
         <input_file_ref idref="fl-4a"/>
      </object_component>
      <object_component id="oc-2ab">
         <name>.text:l_lsl_const</name>
         <load_address>0xd34e</load_address>
         <run_address>0xd34e</run_address>
         <size>0x3e</size>
         <input_file_ref idref="fl-4c"/>
      </object_component>
      <object_component id="oc-38d">
         <name>.text:I2C_Master_ReadReg</name>
         <load_address>0xd38c</load_address>
         <run_address>0xd38c</run_address>
         <size>0x3c</size>
         <input_file_ref idref="fl-2"/>
      </object_component>
      <object_component id="oc-21f">
         <name>.text:transmit_data</name>
         <load_address>0xd3c8</load_address>
         <run_address>0xd3c8</run_address>
         <size>0x3a</size>
         <input_file_ref idref="fl-4"/>
      </object_component>
      <object_component id="oc-23f">
         <name>.text:select_freq</name>
         <load_address>0xd402</load_address>
         <run_address>0xd402</run_address>
         <size>0x34</size>
         <input_file_ref idref="fl-4"/>
      </object_component>
      <object_component id="oc-33d">
         <name>.text:__mspabi_subd</name>
         <load_address>0xd436</load_address>
         <run_address>0xd436</run_address>
         <size>0x2e</size>
         <input_file_ref idref="fl-45"/>
      </object_component>
      <object_component id="oc-37a">
         <name>.text:read_status</name>
         <load_address>0xd464</load_address>
         <run_address>0xd464</run_address>
         <size>0x2c</size>
         <input_file_ref idref="fl-4"/>
      </object_component>
      <object_component id="oc-291">
         <name>.text</name>
         <load_address>0xd490</load_address>
         <run_address>0xd490</run_address>
         <size>0x2c</size>
         <input_file_ref idref="fl-1f"/>
      </object_component>
      <object_component id="oc-b5">
         <name>.text</name>
         <load_address>0xd4bc</load_address>
         <run_address>0xd4bc</run_address>
         <size>0x2c</size>
         <input_file_ref idref="fl-4b"/>
      </object_component>
      <object_component id="oc-20a">
         <name>.text:initI2C</name>
         <load_address>0xd4e8</load_address>
         <run_address>0xd4e8</run_address>
         <size>0x2a</size>
         <input_file_ref idref="fl-2"/>
      </object_component>
      <object_component id="oc-300">
         <name>.text</name>
         <load_address>0xd512</load_address>
         <run_address>0xd512</run_address>
         <size>0x26</size>
         <input_file_ref idref="fl-50"/>
      </object_component>
      <object_component id="oc-e7">
         <name>.text:USCIAB0RX_ISR</name>
         <load_address>0xd538</load_address>
         <run_address>0xd538</run_address>
         <size>0x22</size>
         <input_file_ref idref="fl-2"/>
      </object_component>
      <object_component id="oc-161">
         <name>.text:main</name>
         <load_address>0xd55a</load_address>
         <run_address>0xd55a</run_address>
         <size>0x22</size>
         <input_file_ref idref="fl-3"/>
      </object_component>
      <object_component id="oc-1a0">
         <name>.text:toggle_mute</name>
         <load_address>0xd57c</load_address>
         <run_address>0xd57c</run_address>
         <size>0x1e</size>
         <input_file_ref idref="fl-4"/>
      </object_component>
      <object_component id="oc-1a6">
         <name>.text:toggle_stereo_noise_cancelling</name>
         <load_address>0xd59a</load_address>
         <run_address>0xd59a</run_address>
         <size>0x1e</size>
         <input_file_ref idref="fl-4"/>
      </object_component>
      <object_component id="oc-2ec">
         <name>.text:CopyArray</name>
         <load_address>0xd5b8</load_address>
         <run_address>0xd5b8</run_address>
         <size>0x1c</size>
         <input_file_ref idref="fl-2"/>
      </object_component>
      <object_component id="oc-ff">
         <name>.text:_c_int00_noargs</name>
         <load_address>0xd5d4</load_address>
         <run_address>0xd5d4</run_address>
         <size>0x1c</size>
         <input_file_ref idref="fl-30"/>
      </object_component>
      <object_component id="oc-1fe">
         <name>.text:initClockTo16MHz</name>
         <load_address>0xd5f0</load_address>
         <run_address>0xd5f0</run_address>
         <size>0x1c</size>
         <input_file_ref idref="fl-2"/>
      </object_component>
      <object_component id="oc-210">
         <name>.text:init_transmission_data</name>
         <load_address>0xd60c</load_address>
         <run_address>0xd60c</run_address>
         <size>0x1a</size>
         <input_file_ref idref="fl-4"/>
      </object_component>
      <object_component id="oc-19a">
         <name>.text:init_TEA5767N</name>
         <load_address>0xd626</load_address>
         <run_address>0xd626</run_address>
         <size>0x16</size>
         <input_file_ref idref="fl-4"/>
      </object_component>
      <object_component id="oc-ed">
         <name>.text:decompress:ZI:__TI_zero_init_nomemset:__TI_zero_init_nomemset</name>
         <load_address>0xd63c</load_address>
         <run_address>0xd63c</run_address>
         <size>0x14</size>
         <input_file_ref idref="fl-32"/>
      </object_component>
      <object_component id="oc-331">
         <name>.text:get_signal_level</name>
         <load_address>0xd650</load_address>
         <run_address>0xd650</run_address>
         <size>0x14</size>
         <input_file_ref idref="fl-4"/>
      </object_component>
      <object_component id="oc-3a">
         <name>.text:decompress:none:__TI_decompress_none</name>
         <load_address>0xd664</load_address>
         <run_address>0xd664</run_address>
         <size>0x12</size>
         <input_file_ref idref="fl-37"/>
      </object_component>
      <object_component id="oc-30e">
         <name>.text:l_lsr</name>
         <load_address>0xd676</load_address>
         <run_address>0xd676</run_address>
         <size>0x12</size>
         <input_file_ref idref="fl-4e"/>
      </object_component>
      <object_component id="oc-cf">
         <name>.text:memcpy</name>
         <load_address>0xd688</load_address>
         <run_address>0xd688</run_address>
         <size>0x12</size>
         <input_file_ref idref="fl-49"/>
      </object_component>
      <object_component id="oc-313">
         <name>.text:l_asr</name>
         <load_address>0xd69a</load_address>
         <run_address>0xd69a</run_address>
         <size>0x10</size>
         <input_file_ref idref="fl-4a"/>
      </object_component>
      <object_component id="oc-309">
         <name>.text:l_lsl</name>
         <load_address>0xd6aa</load_address>
         <run_address>0xd6aa</run_address>
         <size>0x10</size>
         <input_file_ref idref="fl-4c"/>
      </object_component>
      <object_component id="oc-bf">
         <name>.text</name>
         <load_address>0xd6ba</load_address>
         <run_address>0xd6ba</run_address>
         <size>0x10</size>
         <input_file_ref idref="fl-20"/>
      </object_component>
      <object_component id="oc-204">
         <name>.text:initGPIO</name>
         <load_address>0xd6ca</load_address>
         <run_address>0xd6ca</run_address>
         <size>0xe</size>
         <input_file_ref idref="fl-2"/>
      </object_component>
      <object_component id="oc-227">
         <name>.text:__mspabi_fltid</name>
         <load_address>0xd6d8</load_address>
         <run_address>0xd6d8</run_address>
         <size>0xc</size>
         <input_file_ref idref="fl-3d"/>
      </object_component>
      <object_component id="oc-dc">
         <name>.text:_isr:__TI_ISR_TRAP</name>
         <load_address>0xd6e4</load_address>
         <run_address>0xd6e4</run_address>
         <size>0x8</size>
         <input_file_ref idref="fl-2f"/>
      </object_component>
      <object_component id="oc-325">
         <name>.text:set_high_LO_injection</name>
         <load_address>0xd6ec</load_address>
         <run_address>0xd6ec</run_address>
         <size>0x8</size>
         <input_file_ref idref="fl-4"/>
      </object_component>
      <object_component id="oc-337">
         <name>.text:set_low_LO_injection</name>
         <load_address>0xd6f4</load_address>
         <run_address>0xd6f4</run_address>
         <size>0x8</size>
         <input_file_ref idref="fl-4"/>
      </object_component>
      <object_component id="oc-1b8">
         <name>.text:abort</name>
         <load_address>0xd6fc</load_address>
         <run_address>0xd6fc</run_address>
         <size>0x6</size>
         <input_file_ref idref="fl-46"/>
      </object_component>
      <object_component id="oc-15b">
         <name>.text:_system_pre_init</name>
         <load_address>0xd702</load_address>
         <run_address>0xd702</run_address>
         <size>0x4</size>
         <input_file_ref idref="fl-35"/>
      </object_component>
      <object_component id="oc-258">
         <name>.text:_system_post_cinit</name>
         <load_address>0xd706</load_address>
         <run_address>0xd706</run_address>
         <size>0x2</size>
         <input_file_ref idref="fl-36"/>
      </object_component>
      <object_component id="oc-3d9">
         <name>.cinit..data.load</name>
         <load_address>0xd708</load_address>
         <run_address>0xd708</run_address>
         <size>0x8</size>
      </object_component>
      <object_component id="oc-3d6">
         <name>__TI_handler_table</name>
         <load_address>0xd710</load_address>
         <run_address>0xd710</run_address>
         <size>0x6</size>
      </object_component>
      <object_component id="oc-3d8">
         <name>.cinit..bss.load</name>
         <load_address>0xd716</load_address>
         <run_address>0xd716</run_address>
         <size>0x4</size>
      </object_component>
      <object_component id="oc-3d7">
         <name>__TI_cinit_table</name>
         <load_address>0xd71a</load_address>
         <run_address>0xd71a</run_address>
         <size>0x8</size>
      </object_component>
      <object_component id="oc-398">
         <name>.binit</name>
         <load_address>0xc000</load_address>
         <run_address>0xc000</run_address>
         <size>0x0</size>
      </object_component>
      <object_component id="oc-40">
         <name>.int00</name>
         <load_address>0xffe0</load_address>
         <run_address>0xffe0</run_address>
         <size>0x2</size>
         <input_file_ref idref="fl-24"/>
      </object_component>
      <object_component id="oc-41">
         <name>.int02</name>
         <load_address>0xffe4</load_address>
         <run_address>0xffe4</run_address>
         <size>0x2</size>
         <input_file_ref idref="fl-25"/>
      </object_component>
      <object_component id="oc-42">
         <name>.int03</name>
         <load_address>0xffe6</load_address>
         <run_address>0xffe6</run_address>
         <size>0x2</size>
         <input_file_ref idref="fl-26"/>
      </object_component>
      <object_component id="oc-43">
         <name>.int05</name>
         <load_address>0xffea</load_address>
         <run_address>0xffea</run_address>
         <size>0x2</size>
         <input_file_ref idref="fl-27"/>
      </object_component>
      <object_component id="oc-44">
         <name>.int06</name>
         <load_address>0xffec</load_address>
         <run_address>0xffec</run_address>
         <size>0x2</size>
         <input_file_ref idref="fl-2"/>
      </object_component>
      <object_component id="oc-45">
         <name>.int07</name>
         <load_address>0xffee</load_address>
         <run_address>0xffee</run_address>
         <size>0x2</size>
         <input_file_ref idref="fl-2"/>
      </object_component>
      <object_component id="oc-46">
         <name>.int08</name>
         <load_address>0xfff0</load_address>
         <run_address>0xfff0</run_address>
         <size>0x2</size>
         <input_file_ref idref="fl-28"/>
      </object_component>
      <object_component id="oc-47">
         <name>.int09</name>
         <load_address>0xfff2</load_address>
         <run_address>0xfff2</run_address>
         <size>0x2</size>
         <input_file_ref idref="fl-29"/>
      </object_component>
      <object_component id="oc-48">
         <name>.int10</name>
         <load_address>0xfff4</load_address>
         <run_address>0xfff4</run_address>
         <size>0x2</size>
         <input_file_ref idref="fl-2a"/>
      </object_component>
      <object_component id="oc-49">
         <name>.int11</name>
         <load_address>0xfff6</load_address>
         <run_address>0xfff6</run_address>
         <size>0x2</size>
         <input_file_ref idref="fl-2b"/>
      </object_component>
      <object_component id="oc-4a">
         <name>.int12</name>
         <load_address>0xfff8</load_address>
         <run_address>0xfff8</run_address>
         <size>0x2</size>
         <input_file_ref idref="fl-2c"/>
      </object_component>
      <object_component id="oc-4b">
         <name>.int13</name>
         <load_address>0xfffa</load_address>
         <run_address>0xfffa</run_address>
         <size>0x2</size>
         <input_file_ref idref="fl-2d"/>
      </object_component>
      <object_component id="oc-4c">
         <name>.int14</name>
         <load_address>0xfffc</load_address>
         <run_address>0xfffc</run_address>
         <size>0x2</size>
         <input_file_ref idref="fl-2e"/>
      </object_component>
      <object_component id="oc-b4">
         <name>.reset</name>
         <load_address>0xfffe</load_address>
         <run_address>0xfffe</run_address>
         <size>0x2</size>
         <input_file_ref idref="fl-30"/>
      </object_component>
      <object_component id="oc-18f">
         <name>.debug_info</name>
         <load_address>0x0</load_address>
         <run_address>0x0</run_address>
         <size>0x3ca</size>
         <input_file_ref idref="fl-2"/>
      </object_component>
      <object_component id="oc-144">
         <name>.debug_info</name>
         <load_address>0x3ca</load_address>
         <run_address>0x3ca</run_address>
         <size>0x195</size>
         <input_file_ref idref="fl-2"/>
      </object_component>
      <object_component id="oc-14a">
         <name>.debug_info</name>
         <load_address>0x55f</load_address>
         <run_address>0x55f</run_address>
         <size>0xd2</size>
         <input_file_ref idref="fl-2"/>
      </object_component>
      <object_component id="oc-147">
         <name>.debug_info</name>
         <load_address>0x631</load_address>
         <run_address>0x631</run_address>
         <size>0xd4</size>
         <input_file_ref idref="fl-2"/>
      </object_component>
      <object_component id="oc-20b">
         <name>.debug_info</name>
         <load_address>0x705</load_address>
         <run_address>0x705</run_address>
         <size>0xee</size>
         <input_file_ref idref="fl-2"/>
      </object_component>
      <object_component id="oc-205">
         <name>.debug_info</name>
         <load_address>0x7f3</load_address>
         <run_address>0x7f3</run_address>
         <size>0xf0</size>
         <input_file_ref idref="fl-2"/>
      </object_component>
      <object_component id="oc-1ff">
         <name>.debug_info</name>
         <load_address>0x8e3</load_address>
         <run_address>0x8e3</run_address>
         <size>0x100</size>
         <input_file_ref idref="fl-2"/>
      </object_component>
      <object_component id="oc-e2">
         <name>.debug_info</name>
         <load_address>0x9e3</load_address>
         <run_address>0x9e3</run_address>
         <size>0x111</size>
         <input_file_ref idref="fl-2"/>
      </object_component>
      <object_component id="oc-e8">
         <name>.debug_info</name>
         <load_address>0xaf4</load_address>
         <run_address>0xaf4</run_address>
         <size>0xfe</size>
         <input_file_ref idref="fl-2"/>
      </object_component>
      <object_component id="oc-2ed">
         <name>.debug_info</name>
         <load_address>0xbf2</load_address>
         <run_address>0xbf2</run_address>
         <size>0x17f</size>
         <input_file_ref idref="fl-2"/>
      </object_component>
      <object_component id="oc-284">
         <name>.debug_info</name>
         <load_address>0xd71</load_address>
         <run_address>0xd71</run_address>
         <size>0x1d6</size>
         <input_file_ref idref="fl-2"/>
      </object_component>
      <object_component id="oc-38e">
         <name>.debug_info</name>
         <load_address>0xf47</load_address>
         <run_address>0xf47</run_address>
         <size>0x192</size>
         <input_file_ref idref="fl-2"/>
      </object_component>
      <object_component id="oc-1f9">
         <name>.debug_info</name>
         <load_address>0x10d9</load_address>
         <run_address>0x10d9</run_address>
         <size>0x26b</size>
         <input_file_ref idref="fl-2"/>
      </object_component>
      <object_component id="oc-188">
         <name>.debug_info</name>
         <load_address>0x1344</load_address>
         <run_address>0x1344</run_address>
         <size>0x8b</size>
         <input_file_ref idref="fl-2"/>
      </object_component>
      <object_component id="oc-ca">
         <name>.debug_info</name>
         <load_address>0x13cf</load_address>
         <run_address>0x13cf</run_address>
         <size>0x84</size>
         <input_file_ref idref="fl-2"/>
      </object_component>
      <object_component id="oc-192">
         <name>.debug_info</name>
         <load_address>0x1453</load_address>
         <run_address>0x1453</run_address>
         <size>0x275</size>
         <input_file_ref idref="fl-2"/>
      </object_component>
      <object_component id="oc-14d">
         <name>.debug_info</name>
         <load_address>0x16c8</load_address>
         <run_address>0x16c8</run_address>
         <size>0xbb</size>
         <input_file_ref idref="fl-2"/>
      </object_component>
      <object_component id="oc-217">
         <name>.debug_info</name>
         <load_address>0x1783</load_address>
         <run_address>0x1783</run_address>
         <size>0x2c2</size>
         <input_file_ref idref="fl-3"/>
      </object_component>
      <object_component id="oc-164">
         <name>.debug_info</name>
         <load_address>0x1a45</load_address>
         <run_address>0x1a45</run_address>
         <size>0x15b</size>
         <input_file_ref idref="fl-3"/>
      </object_component>
      <object_component id="oc-1b3">
         <name>.debug_info</name>
         <load_address>0x1ba0</load_address>
         <run_address>0x1ba0</run_address>
         <size>0x8b</size>
         <input_file_ref idref="fl-3"/>
      </object_component>
      <object_component id="oc-219">
         <name>.debug_info</name>
         <load_address>0x1c2b</load_address>
         <run_address>0x1c2b</run_address>
         <size>0x359</size>
         <input_file_ref idref="fl-4"/>
      </object_component>
      <object_component id="oc-21d">
         <name>.debug_info</name>
         <load_address>0x1f84</load_address>
         <run_address>0x1f84</run_address>
         <size>0xde</size>
         <input_file_ref idref="fl-4"/>
      </object_component>
      <object_component id="oc-381">
         <name>.debug_info</name>
         <load_address>0x2062</load_address>
         <run_address>0x2062</run_address>
         <size>0xd8</size>
         <input_file_ref idref="fl-4"/>
      </object_component>
      <object_component id="oc-220">
         <name>.debug_info</name>
         <load_address>0x213a</load_address>
         <run_address>0x213a</run_address>
         <size>0x144</size>
         <input_file_ref idref="fl-4"/>
      </object_component>
      <object_component id="oc-1a7">
         <name>.debug_info</name>
         <load_address>0x227e</load_address>
         <run_address>0x227e</run_address>
         <size>0x13c</size>
         <input_file_ref idref="fl-4"/>
      </object_component>
      <object_component id="oc-1a1">
         <name>.debug_info</name>
         <load_address>0x23ba</load_address>
         <run_address>0x23ba</run_address>
         <size>0x116</size>
         <input_file_ref idref="fl-4"/>
      </object_component>
      <object_component id="oc-339">
         <name>.debug_info</name>
         <load_address>0x24d0</load_address>
         <run_address>0x24d0</run_address>
         <size>0x114</size>
         <input_file_ref idref="fl-4"/>
      </object_component>
      <object_component id="oc-326">
         <name>.debug_info</name>
         <load_address>0x25e4</load_address>
         <run_address>0x25e4</run_address>
         <size>0x116</size>
         <input_file_ref idref="fl-4"/>
      </object_component>
      <object_component id="oc-2ba">
         <name>.debug_info</name>
         <load_address>0x26fa</load_address>
         <run_address>0x26fa</run_address>
         <size>0x214</size>
         <input_file_ref idref="fl-4"/>
      </object_component>
      <object_component id="oc-37b">
         <name>.debug_info</name>
         <load_address>0x290e</load_address>
         <run_address>0x290e</run_address>
         <size>0x12b</size>
         <input_file_ref idref="fl-4"/>
      </object_component>
      <object_component id="oc-332">
         <name>.debug_info</name>
         <load_address>0x2a39</load_address>
         <run_address>0x2a39</run_address>
         <size>0x14f</size>
         <input_file_ref idref="fl-4"/>
      </object_component>
      <object_component id="oc-2b3">
         <name>.debug_info</name>
         <load_address>0x2b88</load_address>
         <run_address>0x2b88</run_address>
         <size>0x283</size>
         <input_file_ref idref="fl-4"/>
      </object_component>
      <object_component id="oc-240">
         <name>.debug_info</name>
         <load_address>0x2e0b</load_address>
         <run_address>0x2e0b</run_address>
         <size>0x1d7</size>
         <input_file_ref idref="fl-4"/>
      </object_component>
      <object_component id="oc-1ad">
         <name>.debug_info</name>
         <load_address>0x2fe2</load_address>
         <run_address>0x2fe2</run_address>
         <size>0x218</size>
         <input_file_ref idref="fl-4"/>
      </object_component>
      <object_component id="oc-211">
         <name>.debug_info</name>
         <load_address>0x31fa</load_address>
         <run_address>0x31fa</run_address>
         <size>0x118</size>
         <input_file_ref idref="fl-4"/>
      </object_component>
      <object_component id="oc-19b">
         <name>.debug_info</name>
         <load_address>0x3312</load_address>
         <run_address>0x3312</run_address>
         <size>0x157</size>
         <input_file_ref idref="fl-4"/>
      </object_component>
      <object_component id="oc-293">
         <name>.debug_info</name>
         <load_address>0x3469</load_address>
         <run_address>0x3469</run_address>
         <size>0x11f</size>
         <input_file_ref idref="fl-1f"/>
      </object_component>
      <object_component id="oc-c1">
         <name>.debug_info</name>
         <load_address>0x3588</load_address>
         <run_address>0x3588</run_address>
         <size>0x12d</size>
         <input_file_ref idref="fl-20"/>
      </object_component>
      <object_component id="oc-34c">
         <name>.debug_info</name>
         <load_address>0x36b5</load_address>
         <run_address>0x36b5</run_address>
         <size>0x120</size>
         <input_file_ref idref="fl-21"/>
      </object_component>
      <object_component id="oc-348">
         <name>.debug_info</name>
         <load_address>0x37d5</load_address>
         <run_address>0x37d5</run_address>
         <size>0x120</size>
         <input_file_ref idref="fl-22"/>
      </object_component>
      <object_component id="oc-353">
         <name>.debug_info</name>
         <load_address>0x38f5</load_address>
         <run_address>0x38f5</run_address>
         <size>0x12e</size>
         <input_file_ref idref="fl-23"/>
      </object_component>
      <object_component id="oc-dd">
         <name>.debug_info</name>
         <load_address>0x3a23</load_address>
         <run_address>0x3a23</run_address>
         <size>0x10e</size>
         <input_file_ref idref="fl-2f"/>
      </object_component>
      <object_component id="oc-b2">
         <name>.debug_info</name>
         <load_address>0x3b31</load_address>
         <run_address>0x3b31</run_address>
         <size>0xff</size>
         <input_file_ref idref="fl-30"/>
      </object_component>
      <object_component id="oc-100">
         <name>.debug_info</name>
         <load_address>0x3c30</load_address>
         <run_address>0x3c30</run_address>
         <size>0x179</size>
         <input_file_ref idref="fl-30"/>
      </object_component>
      <object_component id="oc-25f">
         <name>.debug_info</name>
         <load_address>0x3da9</load_address>
         <run_address>0x3da9</run_address>
         <size>0x3dd</size>
         <input_file_ref idref="fl-31"/>
      </object_component>
      <object_component id="oc-1c6">
         <name>.debug_info</name>
         <load_address>0x4186</load_address>
         <run_address>0x4186</run_address>
         <size>0x1df</size>
         <input_file_ref idref="fl-31"/>
      </object_component>
      <object_component id="oc-2d6">
         <name>.debug_info</name>
         <load_address>0x4365</load_address>
         <run_address>0x4365</run_address>
         <size>0x39</size>
         <input_file_ref idref="fl-31"/>
      </object_component>
      <object_component id="oc-2e7">
         <name>.debug_info</name>
         <load_address>0x439e</load_address>
         <run_address>0x439e</run_address>
         <size>0x2c</size>
         <input_file_ref idref="fl-31"/>
      </object_component>
      <object_component id="oc-26a">
         <name>.debug_info</name>
         <load_address>0x43ca</load_address>
         <run_address>0x43ca</run_address>
         <size>0x2c</size>
         <input_file_ref idref="fl-31"/>
      </object_component>
      <object_component id="oc-2db">
         <name>.debug_info</name>
         <load_address>0x43f6</load_address>
         <run_address>0x43f6</run_address>
         <size>0xcd</size>
         <input_file_ref idref="fl-31"/>
      </object_component>
      <object_component id="oc-159">
         <name>.debug_info</name>
         <load_address>0x44c3</load_address>
         <run_address>0x44c3</run_address>
         <size>0x174</size>
         <input_file_ref idref="fl-32"/>
      </object_component>
      <object_component id="oc-f0">
         <name>.debug_info</name>
         <load_address>0x4637</load_address>
         <run_address>0x4637</run_address>
         <size>0x1d1</size>
         <input_file_ref idref="fl-32"/>
      </object_component>
      <object_component id="oc-154">
         <name>.debug_info</name>
         <load_address>0x4808</load_address>
         <run_address>0x4808</run_address>
         <size>0x46</size>
         <input_file_ref idref="fl-32"/>
      </object_component>
      <object_component id="oc-136">
         <name>.debug_info</name>
         <load_address>0x484e</load_address>
         <run_address>0x484e</run_address>
         <size>0x2c</size>
         <input_file_ref idref="fl-32"/>
      </object_component>
      <object_component id="oc-15c">
         <name>.debug_info</name>
         <load_address>0x487a</load_address>
         <run_address>0x487a</run_address>
         <size>0x152</size>
         <input_file_ref idref="fl-35"/>
      </object_component>
      <object_component id="oc-25b">
         <name>.debug_info</name>
         <load_address>0x49cc</load_address>
         <run_address>0x49cc</run_address>
         <size>0x14f</size>
         <input_file_ref idref="fl-36"/>
      </object_component>
      <object_component id="oc-db">
         <name>.debug_info</name>
         <load_address>0x4b1b</load_address>
         <run_address>0x4b1b</run_address>
         <size>0x17f</size>
         <input_file_ref idref="fl-37"/>
      </object_component>
      <object_component id="oc-3d">
         <name>.debug_info</name>
         <load_address>0x4c9a</load_address>
         <run_address>0x4c9a</run_address>
         <size>0x1e9</size>
         <input_file_ref idref="fl-37"/>
      </object_component>
      <object_component id="oc-d6">
         <name>.debug_info</name>
         <load_address>0x4e83</load_address>
         <run_address>0x4e83</run_address>
         <size>0x46</size>
         <input_file_ref idref="fl-37"/>
      </object_component>
      <object_component id="oc-13b">
         <name>.debug_info</name>
         <load_address>0x4ec9</load_address>
         <run_address>0x4ec9</run_address>
         <size>0x2c</size>
         <input_file_ref idref="fl-37"/>
      </object_component>
      <object_component id="oc-133">
         <name>.debug_info</name>
         <load_address>0x4ef5</load_address>
         <run_address>0x4ef5</run_address>
         <size>0x175</size>
         <input_file_ref idref="fl-38"/>
      </object_component>
      <object_component id="oc-36">
         <name>.debug_info</name>
         <load_address>0x506a</load_address>
         <run_address>0x506a</run_address>
         <size>0x291</size>
         <input_file_ref idref="fl-38"/>
      </object_component>
      <object_component id="oc-c5">
         <name>.debug_info</name>
         <load_address>0x52fb</load_address>
         <run_address>0x52fb</run_address>
         <size>0x60</size>
         <input_file_ref idref="fl-38"/>
      </object_component>
      <object_component id="oc-17d">
         <name>.debug_info</name>
         <load_address>0x535b</load_address>
         <run_address>0x535b</run_address>
         <size>0x46</size>
         <input_file_ref idref="fl-38"/>
      </object_component>
      <object_component id="oc-12e">
         <name>.debug_info</name>
         <load_address>0x53a1</load_address>
         <run_address>0x53a1</run_address>
         <size>0x39</size>
         <input_file_ref idref="fl-38"/>
      </object_component>
      <object_component id="oc-2b1">
         <name>.debug_info</name>
         <load_address>0x53da</load_address>
         <run_address>0x53da</run_address>
         <size>0x164</size>
         <input_file_ref idref="fl-39"/>
      </object_component>
      <object_component id="oc-23a">
         <name>.debug_info</name>
         <load_address>0x553e</load_address>
         <run_address>0x553e</run_address>
         <size>0x1d7</size>
         <input_file_ref idref="fl-39"/>
      </object_component>
      <object_component id="oc-375">
         <name>.debug_info</name>
         <load_address>0x5715</load_address>
         <run_address>0x5715</run_address>
         <size>0xdb</size>
         <input_file_ref idref="fl-39"/>
      </object_component>
      <object_component id="oc-2aa">
         <name>.debug_info</name>
         <load_address>0x57f0</load_address>
         <run_address>0x57f0</run_address>
         <size>0x1a6</size>
         <input_file_ref idref="fl-3a"/>
      </object_component>
      <object_component id="oc-234">
         <name>.debug_info</name>
         <load_address>0x5996</load_address>
         <run_address>0x5996</run_address>
         <size>0x256</size>
         <input_file_ref idref="fl-3a"/>
      </object_component>
      <object_component id="oc-29d">
         <name>.debug_info</name>
         <load_address>0x5bec</load_address>
         <run_address>0x5bec</run_address>
         <size>0x94</size>
         <input_file_ref idref="fl-3a"/>
      </object_component>
      <object_component id="oc-374">
         <name>.debug_info</name>
         <load_address>0x5c80</load_address>
         <run_address>0x5c80</run_address>
         <size>0x164</size>
         <input_file_ref idref="fl-3b"/>
      </object_component>
      <object_component id="oc-32c">
         <name>.debug_info</name>
         <load_address>0x5de4</load_address>
         <run_address>0x5de4</run_address>
         <size>0x1d3</size>
         <input_file_ref idref="fl-3b"/>
      </object_component>
      <object_component id="oc-228">
         <name>.debug_info</name>
         <load_address>0x5fb7</load_address>
         <run_address>0x5fb7</run_address>
         <size>0x165</size>
         <input_file_ref idref="fl-3d"/>
      </object_component>
      <object_component id="oc-2f9">
         <name>.debug_info</name>
         <load_address>0x611c</load_address>
         <run_address>0x611c</run_address>
         <size>0x16a</size>
         <input_file_ref idref="fl-3e"/>
      </object_component>
      <object_component id="oc-28b">
         <name>.debug_info</name>
         <load_address>0x6286</load_address>
         <run_address>0x6286</run_address>
         <size>0x21a</size>
         <input_file_ref idref="fl-3e"/>
      </object_component>
      <object_component id="oc-31f">
         <name>.debug_info</name>
         <load_address>0x64a0</load_address>
         <run_address>0x64a0</run_address>
         <size>0x19f</size>
         <input_file_ref idref="fl-41"/>
      </object_component>
      <object_component id="oc-2a4">
         <name>.debug_info</name>
         <load_address>0x663f</load_address>
         <run_address>0x663f</run_address>
         <size>0x328</size>
         <input_file_ref idref="fl-41"/>
      </object_component>
      <object_component id="oc-2a2">
         <name>.debug_info</name>
         <load_address>0x6967</load_address>
         <run_address>0x6967</run_address>
         <size>0x1a1</size>
         <input_file_ref idref="fl-43"/>
      </object_component>
      <object_component id="oc-22e">
         <name>.debug_info</name>
         <load_address>0x6b08</load_address>
         <run_address>0x6b08</run_address>
         <size>0x2df</size>
         <input_file_ref idref="fl-43"/>
      </object_component>
      <object_component id="oc-36f">
         <name>.debug_info</name>
         <load_address>0x6de7</load_address>
         <run_address>0x6de7</run_address>
         <size>0x171</size>
         <input_file_ref idref="fl-44"/>
      </object_component>
      <object_component id="oc-319">
         <name>.debug_info</name>
         <load_address>0x6f58</load_address>
         <run_address>0x6f58</run_address>
         <size>0x1f8</size>
         <input_file_ref idref="fl-44"/>
      </object_component>
      <object_component id="oc-340">
         <name>.debug_info</name>
         <load_address>0x7150</load_address>
         <run_address>0x7150</run_address>
         <size>0x18c</size>
         <input_file_ref idref="fl-45"/>
      </object_component>
      <object_component id="oc-1b9">
         <name>.debug_info</name>
         <load_address>0x72dc</load_address>
         <run_address>0x72dc</run_address>
         <size>0x121</size>
         <input_file_ref idref="fl-46"/>
      </object_component>
      <object_component id="oc-135">
         <name>.debug_info</name>
         <load_address>0x73fd</load_address>
         <run_address>0x73fd</run_address>
         <size>0x180</size>
         <input_file_ref idref="fl-49"/>
      </object_component>
      <object_component id="oc-d0">
         <name>.debug_info</name>
         <load_address>0x757d</load_address>
         <run_address>0x757d</run_address>
         <size>0x179</size>
         <input_file_ref idref="fl-49"/>
      </object_component>
      <object_component id="oc-314">
         <name>.debug_info</name>
         <load_address>0x76f6</load_address>
         <run_address>0x76f6</run_address>
         <size>0x11f</size>
         <input_file_ref idref="fl-4a"/>
      </object_component>
      <object_component id="oc-2fc">
         <name>.debug_info</name>
         <load_address>0x7815</load_address>
         <run_address>0x7815</run_address>
         <size>0x125</size>
         <input_file_ref idref="fl-4a"/>
      </object_component>
      <object_component id="oc-b6">
         <name>.debug_info</name>
         <load_address>0x793a</load_address>
         <run_address>0x793a</run_address>
         <size>0x11f</size>
         <input_file_ref idref="fl-4b"/>
      </object_component>
      <object_component id="oc-30a">
         <name>.debug_info</name>
         <load_address>0x7a59</load_address>
         <run_address>0x7a59</run_address>
         <size>0x11f</size>
         <input_file_ref idref="fl-4c"/>
      </object_component>
      <object_component id="oc-2ac">
         <name>.debug_info</name>
         <load_address>0x7b78</load_address>
         <run_address>0x7b78</run_address>
         <size>0x125</size>
         <input_file_ref idref="fl-4c"/>
      </object_component>
      <object_component id="oc-bb">
         <name>.debug_info</name>
         <load_address>0x7c9d</load_address>
         <run_address>0x7c9d</run_address>
         <size>0x11f</size>
         <input_file_ref idref="fl-4d"/>
      </object_component>
      <object_component id="oc-30f">
         <name>.debug_info</name>
         <load_address>0x7dbc</load_address>
         <run_address>0x7dbc</run_address>
         <size>0x11f</size>
         <input_file_ref idref="fl-4e"/>
      </object_component>
      <object_component id="oc-2f5">
         <name>.debug_info</name>
         <load_address>0x7edb</load_address>
         <run_address>0x7edb</run_address>
         <size>0x125</size>
         <input_file_ref idref="fl-4e"/>
      </object_component>
      <object_component id="oc-301">
         <name>.debug_info</name>
         <load_address>0x8000</load_address>
         <run_address>0x8000</run_address>
         <size>0x120</size>
         <input_file_ref idref="fl-50"/>
      </object_component>
      <object_component id="oc-306">
         <name>.debug_info</name>
         <load_address>0x8120</load_address>
         <run_address>0x8120</run_address>
         <size>0x171</size>
         <input_file_ref idref="fl-53"/>
      </object_component>
      <object_component id="oc-298">
         <name>.debug_info</name>
         <load_address>0x8291</load_address>
         <run_address>0x8291</run_address>
         <size>0x3aa</size>
         <input_file_ref idref="fl-53"/>
      </object_component>
      <object_component id="oc-3db">
         <name>.debug_info</name>
         <load_address>0x863b</load_address>
         <run_address>0x863b</run_address>
         <size>0x98</size>
      </object_component>
      <object_component id="oc-1f8">
         <name>.debug_line</name>
         <load_address>0x0</load_address>
         <run_address>0x0</run_address>
         <size>0x5a</size>
         <input_file_ref idref="fl-2"/>
      </object_component>
      <object_component id="oc-187">
         <name>.debug_line</name>
         <load_address>0x5a</load_address>
         <run_address>0x5a</run_address>
         <size>0x2c</size>
         <input_file_ref idref="fl-2"/>
      </object_component>
      <object_component id="oc-191">
         <name>.debug_line</name>
         <load_address>0x86</load_address>
         <run_address>0x86</run_address>
         <size>0x2c</size>
         <input_file_ref idref="fl-2"/>
      </object_component>
      <object_component id="oc-18e">
         <name>.debug_line</name>
         <load_address>0xb2</load_address>
         <run_address>0xb2</run_address>
         <size>0x2c</size>
         <input_file_ref idref="fl-2"/>
      </object_component>
      <object_component id="oc-20f">
         <name>.debug_line</name>
         <load_address>0xde</load_address>
         <run_address>0xde</run_address>
         <size>0x49</size>
         <input_file_ref idref="fl-2"/>
      </object_component>
      <object_component id="oc-209">
         <name>.debug_line</name>
         <load_address>0x127</load_address>
         <run_address>0x127</run_address>
         <size>0x43</size>
         <input_file_ref idref="fl-2"/>
      </object_component>
      <object_component id="oc-202">
         <name>.debug_line</name>
         <load_address>0x16a</load_address>
         <run_address>0x16a</run_address>
         <size>0x48</size>
         <input_file_ref idref="fl-2"/>
      </object_component>
      <object_component id="oc-e5">
         <name>.debug_line</name>
         <load_address>0x1b2</load_address>
         <run_address>0x1b2</run_address>
         <size>0x8b</size>
         <input_file_ref idref="fl-2"/>
      </object_component>
      <object_component id="oc-ec">
         <name>.debug_line</name>
         <load_address>0x23d</load_address>
         <run_address>0x23d</run_address>
         <size>0x51</size>
         <input_file_ref idref="fl-2"/>
      </object_component>
      <object_component id="oc-2f0">
         <name>.debug_line</name>
         <load_address>0x28e</load_address>
         <run_address>0x28e</run_address>
         <size>0x4b</size>
         <input_file_ref idref="fl-2"/>
      </object_component>
      <object_component id="oc-288">
         <name>.debug_line</name>
         <load_address>0x2d9</load_address>
         <run_address>0x2d9</run_address>
         <size>0x4f</size>
         <input_file_ref idref="fl-2"/>
      </object_component>
      <object_component id="oc-391">
         <name>.debug_line</name>
         <load_address>0x328</load_address>
         <run_address>0x328</run_address>
         <size>0x4e</size>
         <input_file_ref idref="fl-2"/>
      </object_component>
      <object_component id="oc-1fc">
         <name>.debug_line</name>
         <load_address>0x376</load_address>
         <run_address>0x376</run_address>
         <size>0x72</size>
         <input_file_ref idref="fl-2"/>
      </object_component>
      <object_component id="oc-18b">
         <name>.debug_line</name>
         <load_address>0x3e8</load_address>
         <run_address>0x3e8</run_address>
         <size>0x2c</size>
         <input_file_ref idref="fl-2"/>
      </object_component>
      <object_component id="oc-cd">
         <name>.debug_line</name>
         <load_address>0x414</load_address>
         <run_address>0x414</run_address>
         <size>0x20</size>
         <input_file_ref idref="fl-2"/>
      </object_component>
      <object_component id="oc-195">
         <name>.debug_line</name>
         <load_address>0x434</load_address>
         <run_address>0x434</run_address>
         <size>0x76</size>
         <input_file_ref idref="fl-2"/>
      </object_component>
      <object_component id="oc-150">
         <name>.debug_line</name>
         <load_address>0x4aa</load_address>
         <run_address>0x4aa</run_address>
         <size>0x73</size>
         <input_file_ref idref="fl-2"/>
      </object_component>
      <object_component id="oc-27e">
         <name>.debug_line</name>
         <load_address>0x51d</load_address>
         <run_address>0x51d</run_address>
         <size>0x6a</size>
         <input_file_ref idref="fl-3"/>
      </object_component>
      <object_component id="oc-166">
         <name>.debug_line</name>
         <load_address>0x587</load_address>
         <run_address>0x587</run_address>
         <size>0x45</size>
         <input_file_ref idref="fl-3"/>
      </object_component>
      <object_component id="oc-1b6">
         <name>.debug_line</name>
         <load_address>0x5cc</load_address>
         <run_address>0x5cc</run_address>
         <size>0x20</size>
         <input_file_ref idref="fl-3"/>
      </object_component>
      <object_component id="oc-280">
         <name>.debug_line</name>
         <load_address>0x5ec</load_address>
         <run_address>0x5ec</run_address>
         <size>0x3c</size>
         <input_file_ref idref="fl-4"/>
      </object_component>
      <object_component id="oc-282">
         <name>.debug_line</name>
         <load_address>0x628</load_address>
         <run_address>0x628</run_address>
         <size>0x30</size>
         <input_file_ref idref="fl-4"/>
      </object_component>
      <object_component id="oc-395">
         <name>.debug_line</name>
         <load_address>0x658</load_address>
         <run_address>0x658</run_address>
         <size>0x30</size>
         <input_file_ref idref="fl-4"/>
      </object_component>
      <object_component id="oc-223">
         <name>.debug_line</name>
         <load_address>0x688</load_address>
         <run_address>0x688</run_address>
         <size>0x49</size>
         <input_file_ref idref="fl-4"/>
      </object_component>
      <object_component id="oc-1aa">
         <name>.debug_line</name>
         <load_address>0x6d1</load_address>
         <run_address>0x6d1</run_address>
         <size>0x4e</size>
         <input_file_ref idref="fl-4"/>
      </object_component>
      <object_component id="oc-1a4">
         <name>.debug_line</name>
         <load_address>0x71f</load_address>
         <run_address>0x71f</run_address>
         <size>0x4e</size>
         <input_file_ref idref="fl-4"/>
      </object_component>
      <object_component id="oc-338">
         <name>.debug_line</name>
         <load_address>0x76d</load_address>
         <run_address>0x76d</run_address>
         <size>0x46</size>
         <input_file_ref idref="fl-4"/>
      </object_component>
      <object_component id="oc-329">
         <name>.debug_line</name>
         <load_address>0x7b3</load_address>
         <run_address>0x7b3</run_address>
         <size>0x46</size>
         <input_file_ref idref="fl-4"/>
      </object_component>
      <object_component id="oc-2b9">
         <name>.debug_line</name>
         <load_address>0x7f9</load_address>
         <run_address>0x7f9</run_address>
         <size>0x52</size>
         <input_file_ref idref="fl-4"/>
      </object_component>
      <object_component id="oc-37f">
         <name>.debug_line</name>
         <load_address>0x84b</load_address>
         <run_address>0x84b</run_address>
         <size>0x47</size>
         <input_file_ref idref="fl-4"/>
      </object_component>
      <object_component id="oc-336">
         <name>.debug_line</name>
         <load_address>0x892</load_address>
         <run_address>0x892</run_address>
         <size>0x48</size>
         <input_file_ref idref="fl-4"/>
      </object_component>
      <object_component id="oc-2b7">
         <name>.debug_line</name>
         <load_address>0x8da</load_address>
         <run_address>0x8da</run_address>
         <size>0x4b</size>
         <input_file_ref idref="fl-4"/>
      </object_component>
      <object_component id="oc-244">
         <name>.debug_line</name>
         <load_address>0x925</load_address>
         <run_address>0x925</run_address>
         <size>0x52</size>
         <input_file_ref idref="fl-4"/>
      </object_component>
      <object_component id="oc-1b1">
         <name>.debug_line</name>
         <load_address>0x977</load_address>
         <run_address>0x977</run_address>
         <size>0x54</size>
         <input_file_ref idref="fl-4"/>
      </object_component>
      <object_component id="oc-214">
         <name>.debug_line</name>
         <load_address>0x9cb</load_address>
         <run_address>0x9cb</run_address>
         <size>0x47</size>
         <input_file_ref idref="fl-4"/>
      </object_component>
      <object_component id="oc-19e">
         <name>.debug_line</name>
         <load_address>0xa12</load_address>
         <run_address>0xa12</run_address>
         <size>0x4a</size>
         <input_file_ref idref="fl-4"/>
      </object_component>
      <object_component id="oc-295">
         <name>.debug_line</name>
         <load_address>0xa5c</load_address>
         <run_address>0xa5c</run_address>
         <size>0x4e</size>
         <input_file_ref idref="fl-1f"/>
      </object_component>
      <object_component id="oc-c3">
         <name>.debug_line</name>
         <load_address>0xaaa</load_address>
         <run_address>0xaaa</run_address>
         <size>0x40</size>
         <input_file_ref idref="fl-20"/>
      </object_component>
      <object_component id="oc-34f">
         <name>.debug_line</name>
         <load_address>0xaea</load_address>
         <run_address>0xaea</run_address>
         <size>0xbb</size>
         <input_file_ref idref="fl-21"/>
      </object_component>
      <object_component id="oc-347">
         <name>.debug_line</name>
         <load_address>0xba5</load_address>
         <run_address>0xba5</run_address>
         <size>0x94</size>
         <input_file_ref idref="fl-22"/>
      </object_component>
      <object_component id="oc-351">
         <name>.debug_line</name>
         <load_address>0xc39</load_address>
         <run_address>0xc39</run_address>
         <size>0x5a</size>
         <input_file_ref idref="fl-23"/>
      </object_component>
      <object_component id="oc-e0">
         <name>.debug_line</name>
         <load_address>0xc93</load_address>
         <run_address>0xc93</run_address>
         <size>0x3d</size>
         <input_file_ref idref="fl-2f"/>
      </object_component>
      <object_component id="oc-12a">
         <name>.debug_line</name>
         <load_address>0xcd0</load_address>
         <run_address>0xcd0</run_address>
         <size>0x2a</size>
         <input_file_ref idref="fl-30"/>
      </object_component>
      <object_component id="oc-103">
         <name>.debug_line</name>
         <load_address>0xcfa</load_address>
         <run_address>0xcfa</run_address>
         <size>0x46</size>
         <input_file_ref idref="fl-30"/>
      </object_component>
      <object_component id="oc-2d5">
         <name>.debug_line</name>
         <load_address>0xd40</load_address>
         <run_address>0xd40</run_address>
         <size>0xbd</size>
         <input_file_ref idref="fl-31"/>
      </object_component>
      <object_component id="oc-1c5">
         <name>.debug_line</name>
         <load_address>0xdfd</load_address>
         <run_address>0xdfd</run_address>
         <size>0x75</size>
         <input_file_ref idref="fl-31"/>
      </object_component>
      <object_component id="oc-2d9">
         <name>.debug_line</name>
         <load_address>0xe72</load_address>
         <run_address>0xe72</run_address>
         <size>0x2e</size>
         <input_file_ref idref="fl-31"/>
      </object_component>
      <object_component id="oc-2ea">
         <name>.debug_line</name>
         <load_address>0xea0</load_address>
         <run_address>0xea0</run_address>
         <size>0x98</size>
         <input_file_ref idref="fl-31"/>
      </object_component>
      <object_component id="oc-26d">
         <name>.debug_line</name>
         <load_address>0xf38</load_address>
         <run_address>0xf38</run_address>
         <size>0x95</size>
         <input_file_ref idref="fl-31"/>
      </object_component>
      <object_component id="oc-2de">
         <name>.debug_line</name>
         <load_address>0xfcd</load_address>
         <run_address>0xfcd</run_address>
         <size>0x91</size>
         <input_file_ref idref="fl-31"/>
      </object_component>
      <object_component id="oc-198">
         <name>.debug_line</name>
         <load_address>0x105e</load_address>
         <run_address>0x105e</run_address>
         <size>0x20</size>
         <input_file_ref idref="fl-32"/>
      </object_component>
      <object_component id="oc-f2">
         <name>.debug_line</name>
         <load_address>0x107e</load_address>
         <run_address>0x107e</run_address>
         <size>0x4d</size>
         <input_file_ref idref="fl-32"/>
      </object_component>
      <object_component id="oc-157">
         <name>.debug_line</name>
         <load_address>0x10cb</load_address>
         <run_address>0x10cb</run_address>
         <size>0x34</size>
         <input_file_ref idref="fl-32"/>
      </object_component>
      <object_component id="oc-139">
         <name>.debug_line</name>
         <load_address>0x10ff</load_address>
         <run_address>0x10ff</run_address>
         <size>0x90</size>
         <input_file_ref idref="fl-32"/>
      </object_component>
      <object_component id="oc-15f">
         <name>.debug_line</name>
         <load_address>0x118f</load_address>
         <run_address>0x118f</run_address>
         <size>0x3e</size>
         <input_file_ref idref="fl-35"/>
      </object_component>
      <object_component id="oc-25d">
         <name>.debug_line</name>
         <load_address>0x11cd</load_address>
         <run_address>0x11cd</run_address>
         <size>0x3a</size>
         <input_file_ref idref="fl-36"/>
      </object_component>
      <object_component id="oc-141">
         <name>.debug_line</name>
         <load_address>0x1207</load_address>
         <run_address>0x1207</run_address>
         <size>0x20</size>
         <input_file_ref idref="fl-37"/>
      </object_component>
      <object_component id="oc-3c">
         <name>.debug_line</name>
         <load_address>0x1227</load_address>
         <run_address>0x1227</run_address>
         <size>0x50</size>
         <input_file_ref idref="fl-37"/>
      </object_component>
      <object_component id="oc-d9">
         <name>.debug_line</name>
         <load_address>0x1277</load_address>
         <run_address>0x1277</run_address>
         <size>0x3a</size>
         <input_file_ref idref="fl-37"/>
      </object_component>
      <object_component id="oc-13e">
         <name>.debug_line</name>
         <load_address>0x12b1</load_address>
         <run_address>0x12b1</run_address>
         <size>0x90</size>
         <input_file_ref idref="fl-37"/>
      </object_component>
      <object_component id="oc-183">
         <name>.debug_line</name>
         <load_address>0x1341</load_address>
         <run_address>0x1341</run_address>
         <size>0x20</size>
         <input_file_ref idref="fl-38"/>
      </object_component>
      <object_component id="oc-35">
         <name>.debug_line</name>
         <load_address>0x1361</load_address>
         <run_address>0x1361</run_address>
         <size>0x92</size>
         <input_file_ref idref="fl-38"/>
      </object_component>
      <object_component id="oc-c8">
         <name>.debug_line</name>
         <load_address>0x13f3</load_address>
         <run_address>0x13f3</run_address>
         <size>0x3a</size>
         <input_file_ref idref="fl-38"/>
      </object_component>
      <object_component id="oc-180">
         <name>.debug_line</name>
         <load_address>0x142d</load_address>
         <run_address>0x142d</run_address>
         <size>0x98</size>
         <input_file_ref idref="fl-38"/>
      </object_component>
      <object_component id="oc-131">
         <name>.debug_line</name>
         <load_address>0x14c5</load_address>
         <run_address>0x14c5</run_address>
         <size>0x94</size>
         <input_file_ref idref="fl-38"/>
      </object_component>
      <object_component id="oc-324">
         <name>.debug_line</name>
         <load_address>0x1559</load_address>
         <run_address>0x1559</run_address>
         <size>0x20</size>
         <input_file_ref idref="fl-39"/>
      </object_component>
      <object_component id="oc-23e">
         <name>.debug_line</name>
         <load_address>0x1579</load_address>
         <run_address>0x1579</run_address>
         <size>0x6c</size>
         <input_file_ref idref="fl-39"/>
      </object_component>
      <object_component id="oc-378">
         <name>.debug_line</name>
         <load_address>0x15e5</load_address>
         <run_address>0x15e5</run_address>
         <size>0x2e</size>
         <input_file_ref idref="fl-39"/>
      </object_component>
      <object_component id="oc-321">
         <name>.debug_line</name>
         <load_address>0x1613</load_address>
         <run_address>0x1613</run_address>
         <size>0x2d</size>
         <input_file_ref idref="fl-3a"/>
      </object_component>
      <object_component id="oc-238">
         <name>.debug_line</name>
         <load_address>0x1640</load_address>
         <run_address>0x1640</run_address>
         <size>0xcc</size>
         <input_file_ref idref="fl-3a"/>
      </object_component>
      <object_component id="oc-2a0">
         <name>.debug_line</name>
         <load_address>0x170c</load_address>
         <run_address>0x170c</run_address>
         <size>0x2e</size>
         <input_file_ref idref="fl-3a"/>
      </object_component>
      <object_component id="oc-38c">
         <name>.debug_line</name>
         <load_address>0x173a</load_address>
         <run_address>0x173a</run_address>
         <size>0x20</size>
         <input_file_ref idref="fl-3b"/>
      </object_component>
      <object_component id="oc-330">
         <name>.debug_line</name>
         <load_address>0x175a</load_address>
         <run_address>0x175a</run_address>
         <size>0x57</size>
         <input_file_ref idref="fl-3b"/>
      </object_component>
      <object_component id="oc-22b">
         <name>.debug_line</name>
         <load_address>0x17b1</load_address>
         <run_address>0x17b1</run_address>
         <size>0x3d</size>
         <input_file_ref idref="fl-3d"/>
      </object_component>
      <object_component id="oc-366">
         <name>.debug_line</name>
         <load_address>0x17ee</load_address>
         <run_address>0x17ee</run_address>
         <size>0x20</size>
         <input_file_ref idref="fl-3e"/>
      </object_component>
      <object_component id="oc-28e">
         <name>.debug_line</name>
         <load_address>0x180e</load_address>
         <run_address>0x180e</run_address>
         <size>0x81</size>
         <input_file_ref idref="fl-3e"/>
      </object_component>
      <object_component id="oc-371">
         <name>.debug_line</name>
         <load_address>0x188f</load_address>
         <run_address>0x188f</run_address>
         <size>0x2d</size>
         <input_file_ref idref="fl-41"/>
      </object_component>
      <object_component id="oc-2a7">
         <name>.debug_line</name>
         <load_address>0x18bc</load_address>
         <run_address>0x18bc</run_address>
         <size>0xfd</size>
         <input_file_ref idref="fl-41"/>
      </object_component>
      <object_component id="oc-308">
         <name>.debug_line</name>
         <load_address>0x19b9</load_address>
         <run_address>0x19b9</run_address>
         <size>0x2d</size>
         <input_file_ref idref="fl-43"/>
      </object_component>
      <object_component id="oc-231">
         <name>.debug_line</name>
[...]
      </symbol>
      <symbol id="sm-1e1">
         <name>__mspabi_func_epilog_1</name>
         <value>0xd6c6</value>
         <object_component_ref idref="oc-bf"/>
      </symbol>
      <symbol id="sm-1e2">
         <name>__mspabi_func_epilog_6</name>
         <value>0xd6bc</value>
         <object_component_ref idref="oc-bf"/>
      </symbol>
      <symbol id="sm-1e3">
         <name>__mspabi_func_epilog_7</name>
         <value>0xd6ba</value>
         <object_component_ref idref="oc-bf"/>
      </symbol>
      <symbol id="sm-1e4">
         <name>__mspabi_func_epilog_4</name>
         <value>0xd6c0</value>
         <object_component_ref idref="oc-bf"/>
      </symbol>
      <symbol id="sm-1e5">
         <name>__mspabi_func_epilog_5</name>
         <value>0xd6be</value>
         <object_component_ref idref="oc-bf"/>
      </symbol>
      <symbol id="sm-200">
         <name>__mspabi_subf</name>
         <value>0xca4e</value>
         <object_component_ref idref="oc-34b"/>
      </symbol>
      <symbol id="sm-201">
         <name>__mspabi_addf</name>
         <value>0xca54</value>
         <object_component_ref idref="oc-34b"/>
      </symbol>
      <symbol id="sm-218">
         <name>__mspabi_mpyf</name>
         <value>0xcc66</value>
         <object_component_ref idref="oc-346"/>
      </symbol>
      <symbol id="sm-227">
         <name>__mspabi_fixfu</name>
         <value>0xd288</value>
         <object_component_ref idref="oc-350"/>
      </symbol>
      <symbol id="sm-22a">
         <name>__TI_int00</name>
         <value>0xffe0</value>
         <object_component_ref idref="oc-40"/>
      </symbol>
      <symbol id="sm-22d">
         <name>__TI_int02</name>
         <value>0xffe4</value>
         <object_component_ref idref="oc-41"/>
      </symbol>
      <symbol id="sm-230">
         <name>__TI_int03</name>
         <value>0xffe6</value>
         <object_component_ref idref="oc-42"/>
      </symbol>
      <symbol id="sm-233">
         <name>__TI_int05</name>
         <value>0xffea</value>
         <object_component_ref idref="oc-43"/>
      </symbol>
      <symbol id="sm-236">
         <name>__TI_int08</name>
         <value>0xfff0</value>
         <object_component_ref idref="oc-46"/>
      </symbol>
      <symbol id="sm-239">
         <name>__TI_int09</name>
         <value>0xfff2</value>
         <object_component_ref idref="oc-47"/>
      </symbol>
      <symbol id="sm-23c">
         <name>__TI_int10</name>
         <value>0xfff4</value>
         <object_component_ref idref="oc-48"/>
      </symbol>
      <symbol id="sm-23f">
         <name>__TI_int11</name>
         <value>0xfff6</value>
         <object_component_ref idref="oc-49"/>
      </symbol>
      <symbol id="sm-242">
         <name>__TI_int12</name>
         <value>0xfff8</value>
         <object_component_ref idref="oc-4a"/>
      </symbol>
      <symbol id="sm-245">
         <name>__TI_int13</name>
         <value>0xfffa</value>
         <object_component_ref idref="oc-4b"/>
      </symbol>
      <symbol id="sm-248">
         <name>__TI_int14</name>
         <value>0xfffc</value>
         <object_component_ref idref="oc-4c"/>
      </symbol>
      <symbol id="sm-250">
         <name>__TI_ISR_TRAP</name>
         <value>0xd6e4</value>
         <object_component_ref idref="oc-dc"/>
      </symbol>
      <symbol id="sm-260">
         <name>_stack</name>
         <value>0x3b0</value>
         <object_component_ref idref="oc-b1"/>
      </symbol>
      <symbol id="sm-261">
         <name>_c_int00_noargs</name>
         <value>0xd5d4</value>
         <object_component_ref idref="oc-ff"/>
      </symbol>
      <symbol id="sm-262">
         <name>_reset_vector</name>
         <value>0xfffe</value>
         <object_component_ref idref="oc-b4"/>
      </symbol>
      <symbol id="sm-284">
         <name>__TI_auto_init_nobinit_nopinit</name>
         <value>0xd2ce</value>
         <object_component_ref idref="oc-1c4"/>
      </symbol>
      <symbol id="sm-29c">
         <name>__TI_zero_init_nomemset</name>
         <value>0xd63c</value>
         <object_component_ref idref="oc-ed"/>
      </symbol>
      <symbol id="sm-2a7">
         <name>_system_pre_init</name>
         <value>0xd702</value>
         <object_component_ref idref="oc-15b"/>
      </symbol>
      <symbol id="sm-2b0">
         <name>_system_post_cinit</name>
         <value>0xd706</value>
         <object_component_ref idref="oc-258"/>
      </symbol>
      <symbol id="sm-2c6">
         <name>__TI_decompress_none</name>
         <value>0xd664</value>
         <object_component_ref idref="oc-3a"/>
      </symbol>
      <symbol id="sm-2e9">
         <name>__TI_decompress_lzss</name>
         <value>0xd036</value>
         <object_component_ref idref="oc-34"/>
      </symbol>
      <symbol id="sm-301">
         <name>__mspabi_cvtdf</name>
         <value>0xcf24</value>
         <object_component_ref idref="oc-239"/>
      </symbol>
      <symbol id="sm-328">
         <name>__mspabi_addd</name>
         <value>0xc000</value>
         <object_component_ref idref="oc-233"/>
      </symbol>
      <symbol id="sm-339">
         <name>__mspabi_cvtfd</name>
         <value>0xd0b2</value>
         <object_component_ref idref="oc-32b"/>
      </symbol>
      <symbol id="sm-343">
         <name>__mspabi_fltid</name>
         <value>0xd6d8</value>
         <object_component_ref idref="oc-227"/>
      </symbol>
      <symbol id="sm-35a">
         <name>__mspabi_fltlid</name>
         <value>0xcde8</value>
         <object_component_ref idref="oc-28a"/>
      </symbol>
      <symbol id="sm-37d">
         <name>__TI_frcaddd</name>
         <value>0xc7ee</value>
         <object_component_ref idref="oc-2a3"/>
      </symbol>
      <symbol id="sm-3a0">
         <name>__mspabi_mpyd</name>
         <value>0xc580</value>
         <object_component_ref idref="oc-22d"/>
      </symbol>
      <symbol id="sm-3b3">
         <name>__TI_renormd</name>
         <value>0xcd2a</value>
         <object_component_ref idref="oc-318"/>
      </symbol>
      <symbol id="sm-3bc">
         <name>__mspabi_subd</name>
         <value>0xd436</value>
         <object_component_ref idref="oc-33d"/>
      </symbol>
      <symbol id="sm-3c6">
         <name>C$$EXIT</name>
         <value>0xd6fc</value>
         <object_component_ref idref="oc-1b8"/>
      </symbol>
      <symbol id="sm-3c7">
         <name>abort</name>
         <value>0xd6fc</value>
         <object_component_ref idref="oc-1b8"/>
      </symbol>
      <symbol id="sm-3d7">
         <name>memcpy</name>
         <value>0xd688</value>
         <object_component_ref idref="oc-cf"/>
      </symbol>
      <symbol id="sm-3e7">
         <name>__mspabi_sral</name>
         <value>0xd69a</value>
         <object_component_ref idref="oc-313"/>
      </symbol>
      <symbol id="sm-3e8">
         <name>__mspabi_sral_15</name>
         <value>0xd310</value>
         <object_component_ref idref="oc-2fb"/>
      </symbol>
      <symbol id="sm-3e9">
         <name>__mspabi_sral_14</name>
         <value>0xd314</value>
         <object_component_ref idref="oc-2fb"/>
      </symbol>
      <symbol id="sm-3ea">
         <name>__mspabi_sral_13</name>
         <value>0xd318</value>
         <object_component_ref idref="oc-2fb"/>
      </symbol>
      <symbol id="sm-3eb">
         <name>__mspabi_sral_12</name>
         <value>0xd31c</value>
         <object_component_ref idref="oc-2fb"/>
      </symbol>
      <symbol id="sm-3ec">
         <name>__mspabi_sral_11</name>
         <value>0xd320</value>
         <object_component_ref idref="oc-2fb"/>
      </symbol>
      <symbol id="sm-3ed">
         <name>__mspabi_sral_10</name>
         <value>0xd324</value>
         <object_component_ref idref="oc-2fb"/>
      </symbol>
      <symbol id="sm-3ee">
         <name>__mspabi_sral_8</name>
         <value>0xd32c</value>
         <object_component_ref idref="oc-2fb"/>
      </symbol>
      <symbol id="sm-3ef">
         <name>__mspabi_sral_9</name>
         <value>0xd328</value>
         <object_component_ref idref="oc-2fb"/>
      </symbol>
      <symbol id="sm-3f0">
         <name>__mspabi_sral_6</name>
         <value>0xd334</value>
         <object_component_ref idref="oc-2fb"/>
      </symbol>
      <symbol id="sm-3f1">
         <name>__mspabi_sral_7</name>
         <value>0xd330</value>
         <object_component_ref idref="oc-2fb"/>
      </symbol>
      <symbol id="sm-3f2">
         <name>__mspabi_sral_4</name>
         <value>0xd33c</value>
         <object_component_ref idref="oc-2fb"/>
      </symbol>
      <symbol id="sm-3f3">
         <name>__mspabi_sral_5</name>
         <value>0xd338</value>
         <object_component_ref idref="oc-2fb"/>
      </symbol>
      <symbol id="sm-3f4">
         <name>__mspabi_sral_2</name>
         <value>0xd344</value>
         <object_component_ref idref="oc-2fb"/>
      </symbol>
      <symbol id="sm-3f5">
         <name>__mspabi_sral_3</name>
         <value>0xd340</value>
         <object_component_ref idref="oc-2fb"/>
      </symbol>
      <symbol id="sm-3f6">
         <name>__mspabi_sral_1</name>
         <value>0xd348</value>
         <object_component_ref idref="oc-2fb"/>
      </symbol>
      <symbol id="sm-3fe">
         <name>__mspabi_slli</name>
         <value>0xd4bc</value>
         <object_component_ref idref="oc-b5"/>
      </symbol>
      <symbol id="sm-3ff">
         <name>__mspabi_slli_9</name>
         <value>0xd4d4</value>
         <object_component_ref idref="oc-b5"/>
      </symbol>
      <symbol id="sm-400">
         <name>__mspabi_slli_8</name>
         <value>0xd4d6</value>
         <object_component_ref idref="oc-b5"/>
      </symbol>
      <symbol id="sm-401">
         <name>__mspabi_slli_7</name>
         <value>0xd4d8</value>
         <object_component_ref idref="oc-b5"/>
      </symbol>
      <symbol id="sm-402">
         <name>__mspabi_slli_6</name>
         <value>0xd4da</value>
         <object_component_ref idref="oc-b5"/>
      </symbol>
      <symbol id="sm-403">
         <name>__mspabi_slli_5</name>
         <value>0xd4dc</value>
         <object_component_ref idref="oc-b5"/>
      </symbol>
      <symbol id="sm-404">
         <name>__mspabi_slli_4</name>
         <value>0xd4de</value>
         <object_component_ref idref="oc-b5"/>
      </symbol>
      <symbol id="sm-405">
         <name>__mspabi_slli_3</name>
         <value>0xd4e0</value>
         <object_component_ref idref="oc-b5"/>
      </symbol>
      <symbol id="sm-406">
         <name>__mspabi_slli_2</name>
         <value>0xd4e2</value>
         <object_component_ref idref="oc-b5"/>
      </symbol>
      <symbol id="sm-407">
         <name>__mspabi_slli_1</name>
         <value>0xd4e4</value>
         <object_component_ref idref="oc-b5"/>
      </symbol>
      <symbol id="sm-408">
         <name>__mspabi_slli_15</name>
         <value>0xd4c8</value>
         <object_component_ref idref="oc-b5"/>
      </symbol>
      <symbol id="sm-409">
         <name>__mspabi_slli_14</name>
         <value>0xd4ca</value>
         <object_component_ref idref="oc-b5"/>
      </symbol>
      <symbol id="sm-40a">
         <name>__mspabi_slli_13</name>
         <value>0xd4cc</value>
         <object_component_ref idref="oc-b5"/>
      </symbol>
      <symbol id="sm-40b">
         <name>__mspabi_slli_12</name>
         <value>0xd4ce</value>
         <object_component_ref idref="oc-b5"/>
      </symbol>
      <symbol id="sm-40c">
         <name>__mspabi_slli_11</name>
         <value>0xd4d0</value>
         <object_component_ref idref="oc-b5"/>
      </symbol>
      <symbol id="sm-40d">
         <name>__mspabi_slli_10</name>
         <value>0xd4d2</value>
         <object_component_ref idref="oc-b5"/>
      </symbol>
      <symbol id="sm-41d">
         <name>__mspabi_slll_9</name>
         <value>0xd366</value>
         <object_component_ref idref="oc-2ab"/>
      </symbol>
      <symbol id="sm-41e">
         <name>__mspabi_slll_8</name>
         <value>0xd36a</value>
         <object_component_ref idref="oc-2ab"/>
      </symbol>
      <symbol id="sm-41f">
         <name>__mspabi_slll_7</name>
         <value>0xd36e</value>
         <object_component_ref idref="oc-2ab"/>
      </symbol>
      <symbol id="sm-420">
         <name>__mspabi_slll_6</name>
         <value>0xd372</value>
         <object_component_ref idref="oc-2ab"/>
      </symbol>
      <symbol id="sm-421">
         <name>__mspabi_slll_5</name>
         <value>0xd376</value>
         <object_component_ref idref="oc-2ab"/>
      </symbol>
      <symbol id="sm-422">
         <name>__mspabi_slll_4</name>
         <value>0xd37a</value>
         <object_component_ref idref="oc-2ab"/>
      </symbol>
      <symbol id="sm-423">
         <name>__mspabi_slll_3</name>
         <value>0xd37e</value>
         <object_component_ref idref="oc-2ab"/>
      </symbol>
      <symbol id="sm-424">
         <name>__mspabi_slll_2</name>
         <value>0xd382</value>
         <object_component_ref idref="oc-2ab"/>
      </symbol>
      <symbol id="sm-425">
         <name>__mspabi_slll_1</name>
         <value>0xd386</value>
         <object_component_ref idref="oc-2ab"/>
      </symbol>
      <symbol id="sm-426">
         <name>__mspabi_slll</name>
         <value>0xd6aa</value>
         <object_component_ref idref="oc-309"/>
      </symbol>
      <symbol id="sm-427">
         <name>__mspabi_slll_15</name>
         <value>0xd34e</value>
         <object_component_ref idref="oc-2ab"/>
      </symbol>
      <symbol id="sm-428">
         <name>__mspabi_slll_14</name>
         <value>0xd352</value>
         <object_component_ref idref="oc-2ab"/>
      </symbol>
      <symbol id="sm-429">
         <name>__mspabi_slll_13</name>
         <value>0xd356</value>
         <object_component_ref idref="oc-2ab"/>
      </symbol>
      <symbol id="sm-42a">
         <name>__mspabi_slll_12</name>
         <value>0xd35a</value>
         <object_component_ref idref="oc-2ab"/>
      </symbol>
      <symbol id="sm-42b">
         <name>__mspabi_slll_11</name>
         <value>0xd35e</value>
         <object_component_ref idref="oc-2ab"/>
      </symbol>
      <symbol id="sm-42c">
         <name>__mspabi_slll_10</name>
         <value>0xd362</value>
         <object_component_ref idref="oc-2ab"/>
      </symbol>
      <symbol id="sm-434">
         <name>__mspabi_srli_8</name>
         <value>0xd266</value>
         <object_component_ref idref="oc-ba"/>
      </symbol>
      <symbol id="sm-435">
         <name>__mspabi_srli_9</name>
         <value>0xd262</value>
         <object_component_ref idref="oc-ba"/>
      </symbol>
      <symbol id="sm-436">
         <name>__mspabi_srli_6</name>
         <value>0xd26e</value>
         <object_component_ref idref="oc-ba"/>
      </symbol>
      <symbol id="sm-437">
         <name>__mspabi_srli_7</name>
         <value>0xd26a</value>
         <object_component_ref idref="oc-ba"/>
      </symbol>
      <symbol id="sm-438">
         <name>__mspabi_srli_4</name>
         <value>0xd276</value>
         <object_component_ref idref="oc-ba"/>
      </symbol>
      <symbol id="sm-439">
         <name>__mspabi_srli_5</name>
         <value>0xd272</value>
         <object_component_ref idref="oc-ba"/>
      </symbol>
      <symbol id="sm-43a">
         <name>__mspabi_srli_2</name>
         <value>0xd27e</value>
         <object_component_ref idref="oc-ba"/>
      </symbol>
      <symbol id="sm-43b">
         <name>__mspabi_srli_3</name>
         <value>0xd27a</value>
         <object_component_ref idref="oc-ba"/>
      </symbol>
      <symbol id="sm-43c">
         <name>__mspabi_srli_1</name>
         <value>0xd282</value>
         <object_component_ref idref="oc-ba"/>
      </symbol>
      <symbol id="sm-43d">
         <name>__mspabi_srli</name>
         <value>0xd23c</value>
         <object_component_ref idref="oc-ba"/>
      </symbol>
      <symbol id="sm-43e">
         <name>__mspabi_srli_15</name>
         <value>0xd24a</value>
         <object_component_ref idref="oc-ba"/>
      </symbol>
      <symbol id="sm-43f">
         <name>__mspabi_srli_14</name>
         <value>0xd24e</value>
         <object_component_ref idref="oc-ba"/>
      </symbol>
      <symbol id="sm-440">
         <name>__mspabi_srli_13</name>
         <value>0xd252</value>
         <object_component_ref idref="oc-ba"/>
      </symbol>
      <symbol id="sm-441">
         <name>__mspabi_srli_12</name>
         <value>0xd256</value>
         <object_component_ref idref="oc-ba"/>
      </symbol>
      <symbol id="sm-442">
         <name>__mspabi_srli_11</name>
         <value>0xd25a</value>
         <object_component_ref idref="oc-ba"/>
      </symbol>
      <symbol id="sm-443">
         <name>__mspabi_srli_10</name>
         <value>0xd25e</value>
         <object_component_ref idref="oc-ba"/>
      </symbol>
      <symbol id="sm-453">
         <name>__mspabi_srll_8</name>
         <value>0xd1bc</value>
         <object_component_ref idref="oc-2f3"/>
      </symbol>
      <symbol id="sm-454">
         <name>__mspabi_srll_9</name>
         <value>0xd1b6</value>
         <object_component_ref idref="oc-2f3"/>
      </symbol>
      <symbol id="sm-455">
         <name>__mspabi_srll_6</name>
         <value>0xd1c8</value>
         <object_component_ref idref="oc-2f3"/>
      </symbol>
      <symbol id="sm-456">
         <name>__mspabi_srll_7</name>
         <value>0xd1c2</value>
         <object_component_ref idref="oc-2f3"/>
      </symbol>
      <symbol id="sm-457">
         <name>__mspabi_srll_4</name>
         <value>0xd1d4</value>
         <object_component_ref idref="oc-2f3"/>
      </symbol>
      <symbol id="sm-458">
         <name>__mspabi_srll_5</name>
         <value>0xd1ce</value>
         <object_component_ref idref="oc-2f3"/>
      </symbol>
      <symbol id="sm-459">
         <name>__mspabi_srll_2</name>
         <value>0xd1e0</value>
         <object_component_ref idref="oc-2f3"/>
      </symbol>
      <symbol id="sm-45a">
         <name>__mspabi_srll_3</name>
         <value>0xd1da</value>
         <object_component_ref idref="oc-2f3"/>
      </symbol>
      <symbol id="sm-45b">
         <name>__mspabi_srll_1</name>
         <value>0xd1e6</value>
         <object_component_ref idref="oc-2f3"/>
      </symbol>
      <symbol id="sm-45c">
         <name>__mspabi_srll_15</name>
         <value>0xd192</value>
         <object_component_ref idref="oc-2f3"/>
      </symbol>
      <symbol id="sm-45d">
         <name>__mspabi_srll_14</name>
         <value>0xd198</value>
         <object_component_ref idref="oc-2f3"/>
      </symbol>
      <symbol id="sm-45e">
         <name>__mspabi_srll_13</name>
         <value>0xd19e</value>
         <object_component_ref idref="oc-2f3"/>
      </symbol>
      <symbol id="sm-45f">
         <name>__mspabi_srll_12</name>
         <value>0xd1a4</value>
         <object_component_ref idref="oc-2f3"/>
      </symbol>
      <symbol id="sm-460">
         <name>__mspabi_srll_11</name>
         <value>0xd1aa</value>
         <object_component_ref idref="oc-2f3"/>
      </symbol>
      <symbol id="sm-461">
         <name>__mspabi_srll_10</name>
         <value>0xd1b0</value>
         <object_component_ref idref="oc-2f3"/>
      </symbol>
      <symbol id="sm-462">
         <name>__mspabi_srll</name>
         <value>0xd676</value>
         <object_component_ref idref="oc-30e"/>
      </symbol>
      <symbol id="sm-46d">
         <name>__mspabi_mpyl_sw</name>
         <value>0xd512</value>
         <object_component_ref idref="oc-300"/>
      </symbol>
      <symbol id="sm-46e">
         <name>__mspabi_mpyl</name>
         <value>0xd512</value>
         <object_component_ref idref="oc-300"/>
      </symbol>
      <symbol id="sm-480">
         <name>__TI_frcmpyd</name>
         <value>0xc2fa</value>
         <object_component_ref idref="oc-296"/>
      </symbol>
   </symbol_table>
   <title>Link successful</title>
</link_info>
